Component: ARM Compiler 5.06 update 6 (build 750) Tool: armlink [4d35ed]

==============================================================================

Section Cross References

    main.o(i.advertising_init) refers to memseta.o(.text) for __aeabi_memclr4
    main.o(i.advertising_init) refers to ble_advertising.o(i.ble_advertising_init) for ble_advertising_init
    main.o(i.advertising_init) refers to app_error.o(i.app_error_handler_bare) for app_error_handler_bare
    main.o(i.advertising_init) refers to ble_advertising.o(i.ble_advertising_conn_cfg_tag_set) for ble_advertising_conn_cfg_tag_set
    main.o(i.advertising_init) refers to main.o(.data) for m_adv_uuids
    main.o(i.advertising_init) refers to main.o(i.on_adv_evt) for on_adv_evt
    main.o(i.advertising_init) refers to main.o(.bss) for m_advertising
    main.o(i.advertising_start) refers to ble_advertising.o(i.ble_advertising_start) for ble_advertising_start
    main.o(i.advertising_start) refers to app_error.o(i.app_error_handler_bare) for app_error_handler_bare
    main.o(i.advertising_start) refers to main.o(.bss) for m_advertising
    main.o(i.ble_evt_handler) refers to nrf_mpu9250_twi_drv.o(i.twi_master_init) for twi_master_init
    main.o(i.ble_evt_handler) refers to nrf_mpu9250_twi_drv.o(i.nrf_drv_mpu_write_registersd) for nrf_drv_mpu_write_registersd
    main.o(i.ble_evt_handler) refers to bsp.o(i.bsp_indication_set) for bsp_indication_set
    main.o(i.ble_evt_handler) refers to app_error.o(i.app_error_handler_bare) for app_error_handler_bare
    main.o(i.ble_evt_handler) refers to nrf_ble_qwr.o(i.nrf_ble_qwr_conn_handle_assign) for nrf_ble_qwr_conn_handle_assign
    main.o(i.ble_evt_handler) refers to inv_mpu.o(i.mpu_dmp_init) for mpu_dmp_init
    main.o(i.ble_evt_handler) refers to main.o(.data) for m_conn_handle
    main.o(i.ble_evt_handler) refers to main.o(.bss) for m_qwr
    main.o(i.ble_stack_init) refers to nrf_sdh.o(i.nrf_sdh_enable_request) for nrf_sdh_enable_request
    main.o(i.ble_stack_init) refers to app_error.o(i.app_error_handler_bare) for app_error_handler_bare
    main.o(i.ble_stack_init) refers to nrf_sdh_ble.o(i.nrf_sdh_ble_default_cfg_set) for nrf_sdh_ble_default_cfg_set
    main.o(i.ble_stack_init) refers to nrf_sdh_ble.o(i.nrf_sdh_ble_enable) for nrf_sdh_ble_enable
    main.o(i.configIO) refers to main.o(i.nrf_gpio_cfg_output) for nrf_gpio_cfg_output
    main.o(i.configIO) refers to nrf_mpu9250_twi_drv.o(i.mpu9250_ad0_config) for mpu9250_ad0_config
    main.o(i.configIO) refers to main.o(i.nrf_gpio_pin_set) for nrf_gpio_pin_set
    main.o(i.configIO) refers to main.o(i.nrf_gpio_cfg_input) for nrf_gpio_cfg_input
    main.o(i.configIO) refers to main.o(i.saadc_init) for saadc_init
    main.o(i.conn_params_error_handler) refers to app_error.o(i.app_error_handler_bare) for app_error_handler_bare
    main.o(i.conn_params_init) refers to memseta.o(.text) for __aeabi_memclr4
    main.o(i.conn_params_init) refers to ble_conn_params.o(i.ble_conn_params_init) for ble_conn_params_init
    main.o(i.conn_params_init) refers to app_error.o(i.app_error_handler_bare) for app_error_handler_bare
    main.o(i.conn_params_init) refers to main.o(i.on_conn_params_evt) for on_conn_params_evt
    main.o(i.conn_params_init) refers to main.o(i.conn_params_error_handler) for conn_params_error_handler
    main.o(i.gap_params_init) refers to strlen.o(.text) for strlen
    main.o(i.gap_params_init) refers to app_error.o(i.app_error_handler_bare) for app_error_handler_bare
    main.o(i.gap_params_init) refers to main.o(.constdata) for device_name
    main.o(i.gatt_evt_handler) refers to nrf_log_frontend.o(i.nrf_log_frontend_std_2) for nrf_log_frontend_std_2
    main.o(i.gatt_evt_handler) refers to main.o(.data) for m_conn_handle
    main.o(i.gatt_evt_handler) refers to nrf_log_frontend.o(log_const_data) for m_nrf_log_app_logs_data_const
    main.o(i.gatt_init) refers to nrf_ble_gatt.o(i.nrf_ble_gatt_init) for nrf_ble_gatt_init
    main.o(i.gatt_init) refers to app_error.o(i.app_error_handler_bare) for app_error_handler_bare
    main.o(i.gatt_init) refers to nrf_ble_gatt.o(i.nrf_ble_gatt_att_mtu_periph_set) for nrf_ble_gatt_att_mtu_periph_set
    main.o(i.gatt_init) refers to main.o(i.gatt_evt_handler) for gatt_evt_handler
    main.o(i.gatt_init) refers to main.o(.bss) for m_gatt
    main.o(i.idle_state_handle) refers to nrf_log_frontend.o(i.nrf_log_frontend_dequeue) for nrf_log_frontend_dequeue
    main.o(i.idle_state_handle) refers to nrf_pwr_mgmt.o(i.nrf_pwr_mgmt_run) for nrf_pwr_mgmt_run
    main.o(i.leds_init) refers to bsp.o(i.bsp_init) for bsp_init
    main.o(i.leds_init) refers to app_error.o(i.app_error_handler_bare) for app_error_handler_bare
    main.o(i.log_init) refers to nrf_log_frontend.o(i.nrf_log_init) for nrf_log_init
    main.o(i.log_init) refers to app_error.o(i.app_error_handler_bare) for app_error_handler_bare
[...]
    0x0002e07c   0x0002e07c   0x00000010   Code   RO        11455    i.__mathlib_flt_invalid  m_wm.l(funder.o)
    0x0002e08c   0x0002e08c   0x00000010   Code   RO        11458    i.__mathlib_flt_underflow  m_wm.l(funder.o)
    0x0002e09c   0x0002e09c   0x00000154   Code   RO        11474    i.__mathlib_rredf2  m_wm.l(rredf.o)
    0x0002e1f0   0x0002e1f0   0x00000034   Code   RO         8412    i.__print_result_location  mpl.o
    0x0002e224   0x0002e224   0x0000000e   Code   RO        11527    i.__scatterload_copy  mc_w.l(handlers.o)
    0x0002e232   0x0002e232   0x00000002   Code   RO        11528    i.__scatterload_null  mc_w.l(handlers.o)
    0x0002e234   0x0002e234   0x0000000e   Code   RO        11529    i.__scatterload_zeroinit  mc_w.l(handlers.o)
    0x0002e242   0x0002e242   0x00000002   PAD
    0x0002e244   0x0002e244   0x00000038   Code   RO         6466    i.__sd_nvic_app_accessible_irq  nrf_sdh.o
    0x0002e27c   0x0002e27c   0x0000000c   Code   RO         5378    i.__sd_nvic_irq_disable  app_util_platform.o
    0x0002e288   0x0002e288   0x0000000c   Code   RO        11503    i.__set_errno       mc_w.l(errno.o)
    0x0002e294   0x0002e294   0x00000184   Code   RO        11388    i._fp_digits        mc_w.l(printfa.o)
    0x0002e418   0x0002e418   0x000006dc   Code   RO        11389    i._printf_core      mc_w.l(printfa.o)
    0x0002eaf4   0x0002eaf4   0x00000024   Code   RO        11390    i._printf_post_padding  mc_w.l(printfa.o)
    0x0002eb18   0x0002eb18   0x0000002e   Code   RO        11391    i._printf_pre_padding  mc_w.l(printfa.o)
    0x0002eb46   0x0002eb46   0x0000000a   Code   RO        11393    i._sputc            mc_w.l(printfa.o)
    0x0002eb50   0x0002eb50   0x00000018   Code   RO         1706    i.addr_is_valid     ble_advertising.o
    0x0002eb68   0x0002eb68   0x00000058   Code   RO         1707    i.adv_mode_next_avail_get  ble_advertising.o
    0x0002ebc0   0x0002ebc0   0x00000012   Code   RO         1708    i.adv_mode_next_get  ble_advertising.o
    0x0002ebd2   0x0002ebd2   0x00000012   Code   RO         1709    i.adv_set_data_size_max_get  ble_advertising.o
    0x0002ebe4   0x0002ebe4   0x00000074   Code   RO            4    i.advertising_init  main.o
    0x0002ec58   0x0002ec58   0x00000024   Code   RO            5    i.advertising_start  main.o
    0x0002ec7c   0x0002ec7c   0x000000bc   Code   RO         5341    i.app_error_fault_handler  app_error_weak.o
    0x0002ed38   0x0002ed38   0x0000001c   Code   RO         5285    i.app_error_handler_bare  app_error.o
    0x0002ed54   0x0002ed54   0x0000001e   Code   RO         5573    i.app_fifo_get      app_fifo.o
    0x0002ed72   0x0002ed72   0x00000024   Code   RO         5574    i.app_fifo_init     app_fifo.o
    0x0002ed96   0x0002ed96   0x00000022   Code   RO         5576    i.app_fifo_put      app_fifo.o
    0x0002edb8   0x0002edb8   0x00000010   Code   RO         4198    i.app_timer_cnt_get  app_timer2.o
    0x0002edc8   0x0002edc8   0x00000020   Code   RO         4199    i.app_timer_create  app_timer2.o
    0x0002ede8   0x0002ede8   0x0000006c   Code   RO         4200    i.app_timer_init    app_timer2.o
    0x0002ee54   0x0002ee54   0x00000036   Code   RO         4203    i.app_timer_start   app_timer2.o
    0x0002ee8a   0x0002ee8a   0x00000014   Code   RO         4204    i.app_timer_stop    app_timer2.o
    0x0002ee9e   0x0002ee9e   0x00000002   PAD
    0x0002eea0   0x0002eea0   0x00000054   Code   RO         5657    i.app_uart_get      app_uart_fifo.o
    0x0002eef4   0x0002eef4   0x000000dc   Code   RO         5658    i.app_uart_init     app_uart_fifo.o
    0x0002efd0   0x0002efd0   0x0000006c   Code   RO         5659    i.app_uart_put      app_uart_fifo.o
    0x0002f03c   0x0002f03c   0x0000000c   Code   RO         5379    i.app_util_critical_region_enter  app_util_platform.o
    0x0002f048   0x0002f048   0x00000048   Code   RO         5380    i.app_util_critical_region_exit  app_util_platform.o
    0x0002f090   0x0002f090   0x00000052   Code   RO         1154    i.appearance_encode  ble_advdata.o
    0x0002f0e2   0x0002f0e2   0x0000007c   Code   RO         2932    i.apply_config      nrfx_uart.o
    0x0002f15e   0x0002f15e   0x0000007c   Code   RO         3177    i.apply_config      nrfx_uarte.o
    0x0002f1da   0x0002f1da   0x00000002   PAD
    0x0002f1dc   0x0002f1dc   0x0000003c   Code   RO         5945    i.backend_id_assign  nrf_log_frontend.o
    0x0002f218   0x0002f218   0x0000016c   Code   RO         1156    i.ble_advdata_encode  ble_advdata.o
    0x0002f384   0x0002f384   0x00000028   Code   RO         1158    i.ble_advdata_parse  ble_advdata.o
    0x0002f3ac   0x0002f3ac   0x0000005c   Code   RO         1159    i.ble_advdata_search  ble_advdata.o
    0x0002f408   0x0002f408   0x00000006   Code   RO         1711    i.ble_advertising_conn_cfg_tag_set  ble_advertising.o
    0x0002f40e   0x0002f40e   0x00000108   Code   RO         1712    i.ble_advertising_init  ble_advertising.o
    0x0002f516   0x0002f516   0x0000003c   Code   RO         1714    i.ble_advertising_on_ble_evt  ble_advertising.o
    0x0002f552   0x0002f552   0x00000174   Code   RO         1717    i.ble_advertising_start  ble_advertising.o
    0x0002f6c6   0x0002f6c6   0x00000002   PAD
    0x0002f6c8   0x0002f6c8   0x0000009c   Code   RO         1327    i.ble_conn_params_init  ble_conn_params.o
    0x0002f764   0x0002f764   0x00000076   Code   RO         1162    i.ble_device_addr_encode  ble_advdata.o
    0x0002f7da   0x0002f7da   0x00000002   PAD
    0x0002f7dc   0x0002f7dc   0x00000144   Code   RO            6    i.ble_evt_handler   main.o
    0x0002f920   0x0002f920   0x00000040   Code   RO         1329    i.ble_evt_handler   ble_conn_params.o
    0x0002f960   0x0002f960   0x000000b8   Code   RO         1460    i.ble_evt_handler   ble_conn_state.o
    0x0002fa18   0x0002fa18   0x00000012   Code   RO         1637    i.ble_srv_is_notification_enabled  ble_srv_common.o
    0x0002fa2a   0x0002fa2a   0x00000056   Code   RO            7    i.ble_stack_init    main.o
    0x0002fa80   0x0002fa80   0x00000052   Code   RO         2055    i.ble_uarts_data_send  my_ble_uarts.o
    0x0002fad2   0x0002fad2   0x00000002   PAD
    0x0002fad4   0x0002fad4   0x0000010c   Code   RO         2056    i.ble_uarts_init    my_ble_uarts.o
    0x0002fbe0   0x0002fbe0   0x00000036   Code   RO         2057    i.ble_uarts_on_ble_evt  my_ble_uarts.o
    0x0002fc16   0x0002fc16   0x00000002   PAD
    0x0002fc18   0x0002fc18   0x00000030   Code   RO          838    i.bsp_board_led_invert  boards.o
    0x0002fc48   0x0002fc48   0x00000014   Code   RO          839    i.bsp_board_led_off  boards.o
    0x0002fc5c   0x0002fc5c   0x00000014   Code   RO          840    i.bsp_board_led_on  boards.o
    0x0002fc70   0x0002fc70   0x00000030   Code   RO          841    i.bsp_board_led_state_get  boards.o
    0x0002fca0   0x0002fca0   0x00000014   Code   RO          843    i.bsp_board_leds_off  boards.o
    0x0002fcb4   0x0002fcb4   0x00000014   Code   RO          844    i.bsp_board_leds_on  boards.o
    0x0002fcc8   0x0002fcc8   0x00000024   Code   RO          845    i.bsp_board_pin_to_button_idx  boards.o
    0x0002fcec   0x0002fcec   0x000000c4   Code   RO          965    i.bsp_button_event_handler  bsp.o
    0x0002fdb0   0x0002fdb0   0x00000020   Code   RO          970    i.bsp_indication_set  bsp.o
    0x0002fdd0   0x0002fdd0   0x00000388   Code   RO          972    i.bsp_led_indication  bsp.o
    0x00030158   0x00030158   0x000000e8   Code   RO         5946    i.buf_prealloc      nrf_log_frontend.o
    0x00030240   0x00030240   0x0000002c   Code   RO         5142    i.buffer_add        nrf_fprintf_format.o
    0x0003026c   0x0003026c   0x00000018   Code   RO         5947    i.buffer_is_empty   nrf_log_frontend.o
    0x00030284   0x00030284   0x00000010   Code   RO         2510    i.channel_handler_get  nrfx_gpiote.o
    0x00030294   0x00030294   0x0000000c   Code   RO         2512    i.channel_port_get  nrfx_gpiote.o
    0x000302a0   0x000302a0   0x000001c8   Code   RO         1639    i.characteristic_add  ble_srv_common.o
    0x00030468   0x00030468   0x00000030   Code   RO         2105    i.clock_clk_started_notify  nrf_drv_clock.o
    0x00030498   0x00030498   0x00000028   Code   RO         2106    i.clock_irq_handler  nrf_drv_clock.o
    0x000304c0   0x000304c0   0x00000026   Code   RO         4206    i.compare_func      app_timer2.o
    0x000304e6   0x000304e6   0x00000028   Code   RO         1719    i.config_is_valid   ble_advertising.o
    0x0003050e   0x0003050e   0x0000003c   Code   RO         1461    i.conn_handle_list_get  ble_conn_state.o
    0x0003054a   0x0003054a   0x0000005a   Code   RO         1163    i.conn_int_check    ble_advdata.o
    0x000305a4   0x000305a4   0x00000068   Code   RO         1164    i.conn_int_encode   ble_advdata.o
    0x0003060c   0x0003060c   0x00000010   Code   RO            9    i.conn_params_error_handler  main.o
    0x0003061c   0x0003061c   0x0000005c   Code   RO           10    i.conn_params_init  main.o
    0x00030678   0x00030678   0x00000054   Code   RO         1330    i.conn_params_negotiation  ble_conn_params.o
    0x000306cc   0x000306cc   0x000000e8   Code   RO         1874    i.data_length_update  nrf_ble_gatt.o
    0x000307b4   0x000307b4   0x00000064   Code   RO         7165    i.decode_gesture    inv_mpu_dmp_motion_driver.o
    0x00030818   0x00030818   0x0000003c   Code   RO         7166    i.dmp_enable_6x_lp_quat  inv_mpu_dmp_motion_driver.o
    0x00030854   0x00030854   0x0000021c   Code   RO         7167    i.dmp_enable_feature  inv_mpu_dmp_motion_driver.o
    0x00030a70   0x00030a70   0x00000058   Code   RO         7168    i.dmp_enable_gyro_cal  inv_mpu_dmp_motion_driver.o
    0x00030ac8   0x00030ac8   0x0000003c   Code   RO         7169    i.dmp_enable_lp_quat  inv_mpu_dmp_motion_driver.o
    0x00030b04   0x00030b04   0x00000018   Code   RO         7174    i.dmp_load_motion_driver_firmware  inv_mpu_dmp_motion_driver.o
    0x00030b1c   0x00030b1c   0x000001e4   Code   RO         7175    i.dmp_read_fifo     inv_mpu_dmp_motion_driver.o
    0x00030d00   0x00030d00   0x00000070   Code   RO         7179    i.dmp_set_fifo_rate  inv_mpu_dmp_motion_driver.o
    0x00030d70   0x00030d70   0x00000138   Code   RO         7182    i.dmp_set_orientation  inv_mpu_dmp_motion_driver.o
    0x00030ea8   0x00030ea8   0x00000038   Code   RO         7185    i.dmp_set_shake_reject_thresh  inv_mpu_dmp_motion_driver.o
    0x00030ee0   0x00030ee0   0x00000026   Code   RO         7186    i.dmp_set_shake_reject_time  inv_mpu_dmp_motion_driver.o
    0x00030f06   0x00030f06   0x00000026   Code   RO         7187    i.dmp_set_shake_reject_timeout  inv_mpu_dmp_motion_driver.o
    0x00030f2c   0x00030f2c   0x00000046   Code   RO         7188    i.dmp_set_tap_axes  inv_mpu_dmp_motion_driver.o
    0x00030f72   0x00030f72   0x00000026   Code   RO         7189    i.dmp_set_tap_count  inv_mpu_dmp_motion_driver.o
    0x00030f98   0x00030f98   0x000001c0   Code   RO         7190    i.dmp_set_tap_thresh  inv_mpu_dmp_motion_driver.o
    0x00031158   0x00031158   0x00000026   Code   RO         7191    i.dmp_set_tap_time  inv_mpu_dmp_motion_driver.o
    0x0003117e   0x0003117e   0x00000026   Code   RO         7192    i.dmp_set_tap_time_multi  inv_mpu_dmp_motion_driver.o
    0x000311a4   0x000311a4   0x00000018   Code   RO         5948    i.dropped_sat16_get  nrf_log_frontend.o
    0x000311bc   0x000311bc   0x00000016   Code   RO         4885    i.drv_rtc_compare_disable  drv_rtc.o
    0x000311d2   0x000311d2   0x0000001a   Code   RO         4888    i.drv_rtc_compare_pending  drv_rtc.o
    0x000311ec   0x000311ec   0x0000005c   Code   RO         4889    i.drv_rtc_compare_set  drv_rtc.o
    0x00031248   0x00031248   0x0000000c   Code   RO         4890    i.drv_rtc_counter_get  drv_rtc.o
    0x00031254   0x00031254   0x00000128   Code   RO         4891    i.drv_rtc_init      drv_rtc.o
    0x0003137c   0x0003137c   0x00000024   Code   RO         4892    i.drv_rtc_irq_trigger  drv_rtc.o
    0x000313a0   0x000313a0   0x00000012   Code   RO         4894    i.drv_rtc_overflow_enable  drv_rtc.o
    0x000313b2   0x000313b2   0x00000010   Code   RO         4895    i.drv_rtc_overflow_pending  drv_rtc.o
    0x000313c2   0x000313c2   0x0000000e   Code   RO         4896    i.drv_rtc_start     drv_rtc.o
    0x000313d0   0x000313d0   0x0000000e   Code   RO         4897    i.drv_rtc_stop      drv_rtc.o
    0x000313de   0x000313de   0x000000fc   Code   RO         4902    i.drv_rtc_windowed_compare_set  drv_rtc.o
    0x000314da   0x000314da   0x00000018   Code   RO         4903    i.evt_disable       drv_rtc.o
    0x000314f2   0x000314f2   0x0000001c   Code   RO         4904    i.evt_enable        drv_rtc.o
    0x0003150e   0x0003150e   0x0000001c   Code   RO         4905    i.evt_pending       drv_rtc.o
    0x0003152a   0x0003152a   0x00000018   Code   RO        11007    i.fabs              m_wm.l(fabs.o)
    0x00031542   0x00031542   0x00000018   Code   RO         5579    i.fifo_get          app_fifo.o
    0x0003155a   0x0003155a   0x0000000a   Code   RO         5580    i.fifo_length       app_fifo.o
    0x00031564   0x00031564   0x0000000a   Code   RO         5660    i.fifo_length       app_uart_fifo.o
    0x0003156e   0x0003156e   0x00000012   Code   RO         5581    i.fifo_peek         app_fifo.o
    0x00031580   0x00031580   0x00000012   Code   RO         5582    i.fifo_put          app_fifo.o
    0x00031592   0x00031592   0x0000001e   Code   RO         1462    i.flag_toggle       ble_conn_state.o
    0x000315b0   0x000315b0   0x00000036   Code   RO         1165    i.flags_encode      ble_advdata.o
    0x000315e6   0x000315e6   0x0000002c   Code   RO         1720    i.flags_set         ble_advertising.o
    0x00031612   0x00031612   0x00000010   Code   RO         5747    i.fputc             retarget.o
    0x00031622   0x00031622   0x00000002   PAD
    0x00031624   0x00031624   0x00000080   Code   RO           11    i.gap_params_init   main.o
    0x000316a4   0x000316a4   0x0000006c   Code   RO           12    i.gatt_evt_handler  main.o
    0x00031710   0x00031710   0x00000044   Code   RO           13    i.gatt_init         main.o
    0x00031754   0x00031754   0x0000003c   Code   RO         4207    i.get_now           app_timer2.o
    0x00031790   0x00031790   0x0000002c   Code   RO         1331    i.instance_get      ble_conn_params.o
    0x000317bc   0x000317bc   0x000000be   Code   RO         5143    i.int_print         nrf_fprintf_format.o
    0x0003187a   0x0003187a   0x00000002   PAD
    0x0003187c   0x0003187c   0x00000094   Code   RO         2934    i.interrupts_enable  nrfx_uart.o
    0x00031910   0x00031910   0x000000b4   Code   RO         3179    i.interrupts_enable  nrfx_uarte.o
    0x000319c4   0x000319c4   0x0000006a   Code   RO         7473    i.inv_apply_calibration  data_builder.o
    0x00031a2e   0x00031a2e   0x00000002   PAD
    0x00031a30   0x00031a30   0x0000008c   Code   RO         7474    i.inv_build_accel   data_builder.o
    0x00031abc   0x00031abc   0x000000b0   Code   RO         7475    i.inv_build_compass  data_builder.o
    0x00031b6c   0x00031b6c   0x00000038   Code   RO         7476    i.inv_build_gyro    data_builder.o
    0x00031ba4   0x00031ba4   0x0000002c   Code   RO         7478    i.inv_build_temp    data_builder.o
    0x00031bd0   0x00031bd0   0x000000b0   Code   RO         8049    i.inv_compass_angle  ml_math_func.o
    0x00031c80   0x00031c80   0x00000072   Code   RO         8051    i.inv_convert_to_body_with_scale  ml_math_func.o
    0x00031cf2   0x00031cf2   0x00000002   PAD
    0x00031cf4   0x00031cf4   0x00000050   Code   RO         7480    i.inv_db_load_func  data_builder.o
    0x00031d44   0x00031d44   0x00000018   Code   RO         7481    i.inv_db_save_func  data_builder.o
    0x00031d5c   0x00031d5c   0x00000010   Code   RO         7482    i.inv_disable_compass_soft_iron_matrix  data_builder.o
    0x00031d6c   0x00031d6c   0x0000001c   Code   RO         7385    i.inv_enable_eMPL_outputs  empl_outputs.o
    0x00031d88   0x00031d88   0x00000020   Code   RO         8450    i.inv_enable_results_holder  results_holder.o
    0x00031da8   0x00031da8   0x0000002c   Code   RO         8685    i.inv_execute_mpl_start_notification  start_manager.o
    0x00031dd4   0x00031dd4   0x000000a0   Code   RO         7484    i.inv_execute_on_data  data_builder.o
    0x00031e74   0x00031e74   0x000000f0   Code   RO         7386    i.inv_generate_eMPL_outputs  empl_outputs.o
    0x00031f64   0x00031f64   0x00000010   Code   RO         8451    i.inv_generate_results  results_holder.o
    0x00031f74   0x00031f74   0x00000018   Code   RO         8452    i.inv_get_6axis_quaternion  results_holder.o
    0x00031f8c   0x00031f8c   0x0000000c   Code   RO         8453    i.inv_get_acc_state  results_holder.o
    0x00031f98   0x00031f98   0x0000000c   Code   RO         7485    i.inv_get_accel_accuracy  data_builder.o
    0x00031fa4   0x00031fa4   0x00000010   Code   RO         7487    i.inv_get_accel_on  data_builder.o
    0x00031fb4   0x00031fb4   0x0000002c   Code   RO         7491    i.inv_get_accel_set  data_builder.o
    0x00031fe0   0x00031fe0   0x00000018   Code   RO         7492    i.inv_get_compass_bias  data_builder.o
    0x00031ff8   0x00031ff8   0x00000018   Code   RO         8457    i.inv_get_compass_correction  results_holder.o
    0x00032010   0x00032010   0x00000010   Code   RO         7494    i.inv_get_compass_on  data_builder.o
    0x00032020   0x00032020   0x0000001c   Code   RO         7501    i.inv_get_compass_soft_iron_output_data  data_builder.o
    0x0003203c   0x0003203c   0x0000000c   Code   RO         8458    i.inv_get_compass_state  results_holder.o
    0x00032048   0x00032048   0x00000060   Code   RO         8459    i.inv_get_gravity   results_holder.o
    0x000320a8   0x000320a8   0x00000010   Code   RO         7502    i.inv_get_gyro      data_builder.o
    0x000320b8   0x000320b8   0x0000000c   Code   RO         7503    i.inv_get_gyro_accuracy  data_builder.o
    0x000320c4   0x000320c4   0x00000024   Code   RO         7504    i.inv_get_gyro_bias  data_builder.o
    0x000320e8   0x000320e8   0x00000020   Code   RO         7505    i.inv_get_gyro_bias_tc_set  data_builder.o
    0x00032108   0x00032108   0x00000010   Code   RO         7506    i.inv_get_gyro_on   data_builder.o
    0x00032118   0x00032118   0x0000001c   Code   RO         8055    i.inv_get_gyro_sum_of_sqr  ml_math_func.o
    0x00032134   0x00032134   0x0000000c   Code   RO         8462    i.inv_get_large_mag_field  results_holder.o
    0x00032140   0x00032140   0x00000068   Code   RO         7512    i.inv_get_last_timestamp  data_builder.o
    0x000321a8   0x000321a8   0x0000003c   Code   RO         8463    i.inv_get_linear_accel  results_holder.o
    0x000321e4   0x000321e4   0x00000044   Code   RO         8464    i.inv_get_linear_accel_float  results_holder.o
    0x00032228   0x00032228   0x00000010   Code   RO         8465    i.inv_get_local_field  results_holder.o
    0x00032238   0x00032238   0x0000001c   Code   RO         7513    i.inv_get_mag_accuracy  data_builder.o
    0x00032254   0x00032254   0x00000014   Code   RO         8467    i.inv_get_motion_state  results_holder.o
    0x00032268   0x00032268   0x0000003c   Code   RO         8468    i.inv_get_quaternion  results_holder.o
    0x000322a4   0x000322a4   0x00000044   Code   RO         8470    i.inv_get_quaternion_set  results_holder.o
    0x000322e8   0x000322e8   0x00000268   Code   RO         7389    i.inv_get_sensor_type_euler  empl_outputs.o
    0x00032550   0x00032550   0x00000070   Code   RO         7925    i.inv_get_sensor_type_gravity  hal_outputs.o
    0x000325c0   0x000325c0   0x0000000c   Code   RO         8472    i.inv_got_compass_bias  results_holder.o
    0x000325cc   0x000325cc   0x0000003c   Code   RO         7516    i.inv_init_data_builder  data_builder.o
    0x00032608   0x00032608   0x00000014   Code   RO         7394    i.inv_init_eMPL_outputs  empl_outputs.o
    0x0003261c   0x0003261c   0x00000090   Code   RO         8414    i.inv_init_mpl      mpl.o
    0x000326ac   0x000326ac   0x0000003c   Code   RO         8473    i.inv_init_results_holder  results_holder.o
    0x000326e8   0x000326e8   0x00000014   Code   RO         8686    i.inv_init_start_manager  start_manager.o
    0x000326fc   0x000326fc   0x00000018   Code   RO         8719    i.inv_init_storage_manager  storage_manager.o
    0x00032714   0x00032714   0x00000028   Code   RO         8064    i.inv_orientation_matrix_to_scalar  ml_math_func.o
    0x0003273c   0x0003273c   0x00000012   Code   RO         8065    i.inv_q29_mult      ml_math_func.o
    0x0003274e   0x0003274e   0x00000012   Code   RO         8067    i.inv_q30_mult      ml_math_func.o
    0x00032760   0x00032760   0x00000018   Code   RO         8069    i.inv_q30_to_float  ml_math_func.o
    0x00032778   0x00032778   0x00000024   Code   RO         8070    i.inv_q_add         ml_math_func.o
    0x0003279c   0x0003279c   0x00000042   Code   RO         8071    i.inv_q_addf        ml_math_func.o
    0x000327de   0x000327de   0x00000018   Code   RO         8072    i.inv_q_invert      ml_math_func.o
    0x000327f6   0x000327f6   0x0000002e   Code   RO         8073    i.inv_q_invertf     ml_math_func.o
    0x00032824   0x00032824   0x000000b2   Code   RO         8074    i.inv_q_mult        ml_math_func.o
    0x000328d6   0x000328d6   0x000000d2   Code   RO         8075    i.inv_q_multf       ml_math_func.o
    0x000329a8   0x000329a8   0x000000a8   Code   RO         8076    i.inv_q_norm4       ml_math_func.o
    0x00032a50   0x00032a50   0x00000134   Code   RO         8078    i.inv_q_normalizef  ml_math_func.o
    0x00032b84   0x00032b84   0x00000042   Code   RO         8079    i.inv_q_rotate      ml_math_func.o
    0x00032bc6   0x00032bc6   0x000000da   Code   RO         8081    i.inv_quaternion_to_rotation  ml_math_func.o
    0x00032ca0   0x00032ca0   0x000000f8   Code   RO         7519    i.inv_register_data_cb  data_builder.o
    0x00032d98   0x00032d98   0x00000090   Code   RO         8721    i.inv_register_load_store  storage_manager.o
    0x00032e28   0x00032e28   0x0000002c   Code   RO         8687    i.inv_register_mpl_start_notification  start_manager.o
    0x00032e54   0x00032e54   0x00000058   Code   RO         7520    i.inv_reset_compass_soft_iron_matrix  data_builder.o
    0x00032eac   0x00032eac   0x0000004e   Code   RO         8083    i.inv_row_2_scale   ml_math_func.o
    0x00032efa   0x00032efa   0x00000002   PAD
    0x00032efc   0x00032efc   0x00000024   Code   RO         7521    i.inv_set_accel_accuracy  data_builder.o
    0x00032f20   0x00032f20   0x0000000c   Code   RO         8476    i.inv_set_accel_bias_found  results_holder.o
    0x00032f2c   0x00032f2c   0x00000060   Code   RO         7524    i.inv_set_accel_bias_mask  data_builder.o
    0x00032f8c   0x00032f8c   0x00000018   Code   RO         7525    i.inv_set_accel_orientation_and_scale  data_builder.o
    0x00032fa4   0x00032fa4   0x0000002c   Code   RO         7526    i.inv_set_accel_sample_rate  data_builder.o
    0x00032fd0   0x00032fd0   0x0000004c   Code   RO         7528    i.inv_set_compass_bias  data_builder.o
    0x0003301c   0x0003301c   0x00000014   Code   RO         8477    i.inv_set_compass_bias_error  results_holder.o
    0x00033030   0x00033030   0x0000000c   Code   RO         8478    i.inv_set_compass_bias_found  results_holder.o
    0x0003303c   0x0003303c   0x00000024   Code   RO         8479    i.inv_set_compass_correction  results_holder.o
    0x00033060   0x00033060   0x0000000c   Code   RO         7529    i.inv_set_compass_disturbance  data_builder.o
    0x0003306c   0x0003306c   0x00000018   Code   RO         7530    i.inv_set_compass_orientation_and_scale  data_builder.o
    0x00033084   0x00033084   0x00000030   Code   RO         7531    i.inv_set_compass_sample_rate  data_builder.o
    0x000330b4   0x000330b4   0x00000054   Code   RO         7532    i.inv_set_compass_soft_iron_input_data  data_builder.o
    0x00033108   0x00033108   0x0000000c   Code   RO         8480    i.inv_set_compass_state  results_holder.o
    0x00033114   0x00033114   0x00000120   Code   RO         7535    i.inv_set_contiguous  data_builder.o
    0x00033234   0x00033234   0x00000074   Code   RO         7537    i.inv_set_gyro_bias  data_builder.o
    0x000332a8   0x000332a8   0x00000018   Code   RO         7538    i.inv_set_gyro_orientation_and_scale  data_builder.o
    0x000332c0   0x000332c0   0x00000028   Code   RO         7539    i.inv_set_gyro_sample_rate  data_builder.o
    0x000332e8   0x000332e8   0x0000001c   Code   RO         8024    i.inv_set_message   message_layer.o
    0x00033304   0x00033304   0x00000050   Code   RO         8485    i.inv_set_motion_state  results_holder.o
    0x00033354   0x00033354   0x00000014   Code   RO         7395    i.inv_start_eMPL_outputs  empl_outputs.o
    0x00033368   0x00033368   0x0000004c   Code   RO         8415    i.inv_start_mpl     mpl.o
    0x000333b4   0x000333b4   0x00000018   Code   RO         8486    i.inv_start_results_holder  results_holder.o
    0x000333cc   0x000333cc   0x00000024   Code   RO         8487    i.inv_store_gaming_quaternion  results_holder.o
    0x000333f0   0x000333f0   0x00000064   Code   RO         7542    i.inv_unregister_data_cb  data_builder.o
    0x00033454   0x00033454   0x00000060   Code   RO         8688    i.inv_unregister_mpl_start_notification  start_manager.o
    0x000334b4   0x000334b4   0x00000046   Code   RO         5950    i.invalid_packets_omit  nrf_log_frontend.o
    0x000334fa   0x000334fa   0x00000072   Code   RO         1332    i.is_conn_params_ok  ble_conn_params.o
    0x0003356c   0x0003356c   0x0000000c   Code   RO         2109    i.item_dequeue      nrf_drv_clock.o
    0x00033578   0x00033578   0x00000026   Code   RO         2513    i.latch_pending_read_and_check  nrfx_gpiote.o
    0x0003359e   0x0003359e   0x00000002   PAD
    0x000335a0   0x000335a0   0x00000028   Code   RO          976    i.leds_off          bsp.o
    0x000335c8   0x000335c8   0x00000018   Code   RO         2111    i.lfclk_stop        nrf_drv_clock.o
    0x000335e0   0x000335e0   0x00000016   Code   RO         1875    i.link_init         nrf_ble_gatt.o
    0x000335f6   0x000335f6   0x00000026   Code   RO           16    i.log_init          main.o
    0x0003361c   0x0003361c   0x000000cc   Code   RO         5951    i.log_skip          nrf_log_frontend.o
    0x000336e8   0x000336e8   0x00000178   Code   RO           17    i.main              main.o
    0x00033860   0x00033860   0x00000076   Code   RO         1166    i.manuf_specific_data_encode  ble_advdata.o
    0x000338d6   0x000338d6   0x000000ca   Code   RO         4710    i.memobj_op         nrf_memobj.o
    0x000339a0   0x000339a0   0x0000001c   Code   RO          529    i.merge_register_and_data  nrf_mpu9250_twi_drv.o
    0x000339bc   0x000339bc   0x00000002   Code   RO         6695    i.mget_ms           inv_mpu.o
    0x000339be   0x000339be   0x0000003e   Code   RO         8088    i.mlMatrixVectorMult  ml_math_func.o
    0x000339fc   0x000339fc   0x00000038   Code   RO         5952    i.module_idx_get    nrf_log_frontend.o
    0x00033a34   0x00033a34   0x0000002c   Code   RO          530    i.mpu9250_ad0_config  nrf_mpu9250_twi_drv.o
    0x00033a60   0x00033a60   0x00000070   Code   RO         6696    i.mpu_configure_fifo  inv_mpu.o
    0x00033ad0   0x00033ad0   0x00000168   Code   RO         6698    i.mpu_dmp_init      inv_mpu.o
    0x00033c38   0x00033c38   0x0000004c   Code   RO         6699    i.mpu_get_accel_fsr  inv_mpu.o
    0x00033c84   0x00033c84   0x00000014   Code   RO         6702    i.mpu_get_compass_fsr  inv_mpu.o
    0x00033c98   0x00033c98   0x000000d0   Code   RO         6703    i.mpu_get_compass_reg  inv_mpu.o
    0x00033d68   0x00033d68   0x00000044   Code   RO         6707    i.mpu_get_gyro_fsr  inv_mpu.o
    0x00033dac   0x00033dac   0x00000020   Code   RO         6713    i.mpu_get_sample_rate  inv_mpu.o
    0x00033dcc   0x00033dcc   0x0000009c   Code   RO         6714    i.mpu_get_temperature  inv_mpu.o
    0x00033e68   0x00033e68   0x0000012c   Code   RO         6715    i.mpu_init          inv_mpu.o
    0x00033f94   0x00033f94   0x000000b8   Code   RO         6716    i.mpu_load_firmware  inv_mpu.o
    0x0003404c   0x0003404c   0x0000011c   Code   RO         6717    i.mpu_lp_accel_mode  inv_mpu.o
    0x00034168   0x00034168   0x00000130   Code   RO         6719    i.mpu_mpl_get_data  inv_mpu.o
    0x00034298   0x00034298   0x000000c0   Code   RO         6724    i.mpu_read_fifo_stream  inv_mpu.o
    0x00034358   0x00034358   0x00000080   Code   RO         6725    i.mpu_read_mem      inv_mpu.o
    0x000343d8   0x000343d8   0x000001c8   Code   RO         6728    i.mpu_reset_fifo    inv_mpu.o
    0x000345a0   0x000345a0   0x00000084   Code   RO         6733    i.mpu_set_accel_fsr  inv_mpu.o
    0x00034624   0x00034624   0x0000014c   Code   RO         6734    i.mpu_set_bypass    inv_mpu.o
    0x00034770   0x00034770   0x00000060   Code   RO         6735    i.mpu_set_compass_sample_rate  inv_mpu.o
    0x000347d0   0x000347d0   0x00000090   Code   RO         6736    i.mpu_set_dmp_state  inv_mpu.o
    0x00034860   0x00034860   0x00000088   Code   RO         6738    i.mpu_set_gyro_fsr  inv_mpu.o
    0x000348e8   0x000348e8   0x0000006c   Code   RO         6739    i.mpu_set_int_latched  inv_mpu.o
    0x00034954   0x00034954   0x00000084   Code   RO         6741    i.mpu_set_lpf       inv_mpu.o
    0x000349d8   0x000349d8   0x000000b4   Code   RO         6742    i.mpu_set_sample_rate  inv_mpu.o
    0x00034a8c   0x00034a8c   0x00000168   Code   RO         6743    i.mpu_set_sensors   inv_mpu.o
    0x00034bf4   0x00034bf4   0x00000080   Code   RO         6744    i.mpu_write_mem     inv_mpu.o
    0x00034c74   0x00034c74   0x000000c8   Code   RO         1167    i.name_encode       ble_advdata.o
    0x00034d3c   0x00034d3c   0x0000005c   Code   RO         8858    i.nrf52_errata_108  system_nrf52.o
    0x00034d98   0x00034d98   0x0000005c   Code   RO         8870    i.nrf52_errata_12   system_nrf52.o
    0x00034df4   0x00034df4   0x0000005c   Code   RO         8881    i.nrf52_errata_136  system_nrf52.o
    0x00034e50   0x00034e50   0x00000040   Code   RO         8900    i.nrf52_errata_16   system_nrf52.o
    0x00034e90   0x00034e90   0x00000040   Code   RO         8917    i.nrf52_errata_182  system_nrf52.o
    0x00034ed0   0x00034ed0   0x0000005c   Code   RO         8971    i.nrf52_errata_31   system_nrf52.o
    0x00034f2c   0x00034f2c   0x00000040   Code   RO         8972    i.nrf52_errata_32   system_nrf52.o
    0x00034f6c   0x00034f6c   0x0000005c   Code   RO         8976    i.nrf52_errata_36   system_nrf52.o
    0x00034fc8   0x00034fc8   0x00000040   Code   RO         8977    i.nrf52_errata_37   system_nrf52.o
    0x00035008   0x00035008   0x00000040   Code   RO         8993    i.nrf52_errata_57   system_nrf52.o
    0x00035048   0x00035048   0x0000005c   Code   RO         8999    i.nrf52_errata_66   system_nrf52.o
    0x000350a4   0x000350a4   0x00000028   Code   RO         4386    i.nrf_atfifo_init   nrf_atfifo.o
    0x000350cc   0x000350cc   0x0000001c   Code   RO         4387    i.nrf_atfifo_item_alloc  nrf_atfifo.o
    0x000350e8   0x000350e8   0x0000001c   Code   RO         4388    i.nrf_atfifo_item_free  nrf_atfifo.o
    0x00035104   0x00035104   0x0000001c   Code   RO         4389    i.nrf_atfifo_item_get  nrf_atfifo.o
    0x00035120   0x00035120   0x0000001c   Code   RO         4390    i.nrf_atfifo_item_put  nrf_atfifo.o
    0x0003513c   0x0003513c   0x0000001e   Code   RO         4455    i.nrf_atflags_clear  nrf_atflags.o
    0x0003515a   0x0003515a   0x0000001e   Code   RO         4460    i.nrf_atflags_get   nrf_atflags.o
    0x00035178   0x00035178   0x0000001e   Code   RO         4462    i.nrf_atflags_set   nrf_atflags.o
    0x00035196   0x00035196   0x0000000e   Code   RO         4523    i.nrf_atomic_flag_clear_fetch  nrf_atomic.o
    0x000351a4   0x000351a4   0x0000000e   Code   RO         4524    i.nrf_atomic_flag_set  nrf_atomic.o
    0x000351b2   0x000351b2   0x00000016   Code   RO         4526    i.nrf_atomic_u32_add  nrf_atomic.o
    0x000351c8   0x000351c8   0x00000016   Code   RO         4527    i.nrf_atomic_u32_and  nrf_atomic.o
    0x000351de   0x000351de   0x00000016   Code   RO         4530    i.nrf_atomic_u32_fetch_and  nrf_atomic.o
    0x000351f4   0x000351f4   0x00000016   Code   RO         4532    i.nrf_atomic_u32_fetch_store  nrf_atomic.o
    0x0003520a   0x0003520a   0x00000016   Code   RO         4536    i.nrf_atomic_u32_or  nrf_atomic.o
    0x00035220   0x00035220   0x00000016   Code   RO         4538    i.nrf_atomic_u32_sub  nrf_atomic.o
    0x00035236   0x00035236   0x00000052   Code   RO         4660    i.nrf_balloc_alloc  nrf_balloc.o
    0x00035288   0x00035288   0x00000010   Code   RO         4661    i.nrf_balloc_block2idx  nrf_balloc.o
    0x00035298   0x00035298   0x00000030   Code   RO         4662    i.nrf_balloc_free   nrf_balloc.o
    0x000352c8   0x000352c8   0x0000000c   Code   RO         4663    i.nrf_balloc_idx2block  nrf_balloc.o
    0x000352d4   0x000352d4   0x0000003c   Code   RO         4664    i.nrf_balloc_init   nrf_balloc.o
    0x00035310   0x00035310   0x00000016   Code   RO         2514    i.nrf_bitmask_bit_is_set  nrfx_gpiote.o
    0x00035326   0x00035326   0x0000001e   Code   RO         1877    i.nrf_ble_gatt_att_mtu_periph_set  nrf_ble_gatt.o
    0x00035344   0x00035344   0x00000034   Code   RO         1881    i.nrf_ble_gatt_init  nrf_ble_gatt.o
    0x00035378   0x00035378   0x00000108   Code   RO         1882    i.nrf_ble_gatt_on_ble_evt  nrf_ble_gatt.o
    0x00035480   0x00035480   0x00000020   Code   RO         1996    i.nrf_ble_qwr_conn_handle_assign  nrf_ble_qwr.o
    0x000354a0   0x000354a0   0x00000032   Code   RO         1997    i.nrf_ble_qwr_init  nrf_ble_qwr.o
    0x000354d2   0x000354d2   0x0000007c   Code   RO         1998    i.nrf_ble_qwr_on_ble_evt  nrf_ble_qwr.o
    0x0003554e   0x0003554e   0x00000012   Code   RO         2341    i.nrf_clock_event_check  nrfx_clock.o
    0x00035560   0x00035560   0x00000012   Code   RO         2342    i.nrf_clock_event_clear  nrfx_clock.o
    0x00035572   0x00035572   0x00000002   PAD
    0x00035574   0x00035574   0x0000000c   Code   RO         2343    i.nrf_clock_int_disable  nrfx_clock.o
    0x00035580   0x00035580   0x00000008   Code   RO         2345    i.nrf_clock_task_trigger  nrfx_clock.o
    0x00035588   0x00035588   0x00000030   Code   RO          539    i.nrf_delay_ms      nrf_mpu9250_twi_drv.o
    0x000355b8   0x000355b8   0x00000030   Code   RO         6745    i.nrf_delay_ms      inv_mpu.o
    0x000355e8   0x000355e8   0x0000004c   Code   RO         2117    i.nrf_drv_clock_init  nrf_drv_clock.o
    0x00035634   0x00035634   0x00000030   Code   RO         2121    i.nrf_drv_clock_lfclk_release  nrf_drv_clock.o
    0x00035664   0x00035664   0x00000090   Code   RO          542    i.nrf_drv_mpu_read_registersd  nrf_mpu9250_twi_drv.o
    0x000356f4   0x000356f4   0x00000058   Code   RO          543    i.nrf_drv_mpu_twi_event_handler  nrf_mpu9250_twi_drv.o
    0x0003574c   0x0003574c   0x00000080   Code   RO          546    i.nrf_drv_mpu_write_registersd  nrf_mpu9250_twi_drv.o
    0x000357cc   0x000357cc   0x00000050   Code   RO         3774    i.nrf_drv_twi_init  nrf_drv_twi.o
    0x0003581c   0x0003581c   0x00000024   Code   RO          548    i.nrf_drv_twi_rx    nrf_mpu9250_twi_drv.o
    0x00035840   0x00035840   0x0000002c   Code   RO          549    i.nrf_drv_twi_tx    nrf_mpu9250_twi_drv.o
    0x0003586c   0x0003586c   0x0000008c   Code   RO         2288    i.nrf_drv_uart_init  nrf_drv_uart.o
    0x000358f8   0x000358f8   0x00000044   Code   RO         5661    i.nrf_drv_uart_rx   app_uart_fifo.o
    0x0003593c   0x0003593c   0x00000044   Code   RO         5662    i.nrf_drv_uart_tx   app_uart_fifo.o
    0x00035980   0x00035980   0x0000002a   Code   RO         5103    i.nrf_fprintf       nrf_fprintf.o
    0x000359aa   0x000359aa   0x0000001c   Code   RO         5104    i.nrf_fprintf_buffer_flush  nrf_fprintf.o
    0x000359c6   0x000359c6   0x000001f0   Code   RO         5144    i.nrf_fprintf_fmt   nrf_fprintf_format.o
    0x00035bb6   0x00035bb6   0x00000028   Code   RO           18    i.nrf_gpio_cfg      main.o
    0x00035bde   0x00035bde   0x00000028   Code   RO         2935    i.nrf_gpio_cfg      nrfx_uart.o
    0x00035c06   0x00035c06   0x00000028   Code   RO         3180    i.nrf_gpio_cfg      nrfx_uarte.o
    0x00035c2e   0x00035c2e   0x00000028   Code   RO         3561    i.nrf_gpio_cfg      nrfx_twim.o
    0x00035c56   0x00035c56   0x0000001a   Code   RO           19    i.nrf_gpio_cfg_input  main.o
    0x00035c70   0x00035c70   0x0000001a   Code   RO         2937    i.nrf_gpio_cfg_input  nrfx_uart.o
    0x00035c8a   0x00035c8a   0x0000001a   Code   RO         3182    i.nrf_gpio_cfg_input  nrfx_uarte.o
    0x00035ca4   0x00035ca4   0x00000018   Code   RO           20    i.nrf_gpio_cfg_output  main.o
    0x00035cbc   0x00035cbc   0x00000018   Code   RO         2938    i.nrf_gpio_cfg_output  nrfx_uart.o
    0x00035cd4   0x00035cd4   0x00000018   Code   RO         3183    i.nrf_gpio_cfg_output  nrfx_uarte.o
    0x00035cec   0x00035cec   0x0000001c   Code   RO           21    i.nrf_gpio_cfg_sense_input  main.o
    0x00035d08   0x00035d08   0x00000032   Code   RO         2517    i.nrf_gpio_cfg_sense_set  nrfx_gpiote.o
    0x00035d3a   0x00035d3a   0x00000002   PAD
    0x00035d3c   0x00035d3c   0x00000034   Code   RO         2518    i.nrf_gpio_latches_read_and_clear  nrfx_gpiote.o
    0x00035d70   0x00035d70   0x00000016   Code   RO         3775    i.nrf_gpio_pin_clear  nrf_drv_twi.o
    0x00035d86   0x00035d86   0x00000018   Code   RO           22    i.nrf_gpio_pin_read  main.o
    0x00035d9e   0x00035d9e   0x00000016   Code   RO           23    i.nrf_gpio_pin_set  main.o
    0x00035db4   0x00035db4   0x00000016   Code   RO          551    i.nrf_gpio_pin_set  nrf_mpu9250_twi_drv.o
    0x00035dca   0x00035dca   0x00000016   Code   RO         2939    i.nrf_gpio_pin_set  nrfx_uart.o
    0x00035de0   0x00035de0   0x00000016   Code   RO         3184    i.nrf_gpio_pin_set  nrfx_uarte.o
    0x00035df6   0x00035df6   0x00000016   Code   RO         3776    i.nrf_gpio_pin_set  nrf_drv_twi.o
    0x00035e0c   0x00035e0c   0x0000003a   Code   RO          848    i.nrf_gpio_pin_write  boards.o
    0x00035e46   0x00035e46   0x00000002   PAD
    0x00035e48   0x00035e48   0x0000000c   Code   RO         2523    i.nrf_gpiote_event_addr_get  nrfx_gpiote.o
    0x00035e54   0x00035e54   0x0000001c   Code   RO         2524    i.nrf_gpiote_event_clear  nrfx_gpiote.o
    0x00035e70   0x00035e70   0x00000016   Code   RO         2525    i.nrf_gpiote_event_is_set  nrfx_gpiote.o
    0x00035e86   0x00035e86   0x00000002   PAD
    0x00035e88   0x00035e88   0x00000054   Code   RO         5953    i.nrf_log_backend_add  nrf_log_frontend.o
    0x00035edc   0x00035edc   0x00000002   Code   RO         5783    i.nrf_log_backend_rtt_flush  nrf_log_backend_rtt.o
    0x00035ede   0x00035ede   0x00000008   Code   RO         5784    i.nrf_log_backend_rtt_init  nrf_log_backend_rtt.o
    0x00035ee6   0x00035ee6   0x00000002   Code   RO         5785    i.nrf_log_backend_rtt_panic_set  nrf_log_backend_rtt.o
    0x00035ee8   0x00035ee8   0x00000020   Code   RO         5786    i.nrf_log_backend_rtt_put  nrf_log_backend_rtt.o
    0x00035f08   0x00035f08   0x000000f2   Code   RO         5854    i.nrf_log_backend_serial_put  nrf_log_backend_serial.o
    0x00035ffa   0x00035ffa   0x00000002   PAD
    0x00035ffc   0x00035ffc   0x00000038   Code   RO         5955    i.nrf_log_color_id_get  nrf_log_frontend.o
    0x00036034   0x00036034   0x00000028   Code   RO         5906    i.nrf_log_default_backends_init  nrf_log_default_backends.o
    0x0003605c   0x0003605c   0x0000031c   Code   RO         5956    i.nrf_log_frontend_dequeue  nrf_log_frontend.o
    0x00036378   0x00036378   0x00000014   Code   RO         5958    i.nrf_log_frontend_std_0  nrf_log_frontend.o
    0x0003638c   0x0003638c   0x00000018   Code   RO         5959    i.nrf_log_frontend_std_1  nrf_log_frontend.o
    0x000363a4   0x000363a4   0x00000020   Code   RO         5960    i.nrf_log_frontend_std_2  nrf_log_frontend.o
    0x000363c4   0x000363c4   0x000000bc   Code   RO         6149    i.nrf_log_hexdump_entry_process  nrf_log_str_formatter.o
    0x00036480   0x00036480   0x00000048   Code   RO         5965    i.nrf_log_init      nrf_log_frontend.o
    0x000364c8   0x000364c8   0x00000014   Code   RO         5966    i.nrf_log_module_cnt_get  nrf_log_frontend.o
    0x000364dc   0x000364dc   0x00000024   Code   RO         5970    i.nrf_log_module_name_get  nrf_log_frontend.o
    0x00036500   0x00036500   0x00000034   Code   RO         5971    i.nrf_log_panic     nrf_log_frontend.o
    0x00036534   0x00036534   0x000000c8   Code   RO         6150    i.nrf_log_std_entry_process  nrf_log_str_formatter.o
    0x000365fc   0x000365fc   0x0000007a   Code   RO         4711    i.nrf_memobj_alloc  nrf_memobj.o
    0x00036676   0x00036676   0x00000040   Code   RO         4712    i.nrf_memobj_free   nrf_memobj.o
    0x000366b6   0x000366b6   0x00000010   Code   RO         4713    i.nrf_memobj_get    nrf_memobj.o
    0x000366c6   0x000366c6   0x0000000c   Code   RO         4714    i.nrf_memobj_pool_init  nrf_memobj.o
    0x000366d2   0x000366d2   0x0000001e   Code   RO         4715    i.nrf_memobj_put    nrf_memobj.o
    0x000366f0   0x000366f0   0x00000022   Code   RO         4716    i.nrf_memobj_read   nrf_memobj.o
    0x00036712   0x00036712   0x00000022   Code   RO         4717    i.nrf_memobj_write  nrf_memobj.o
    0x00036734   0x00036734   0x00000040   Code   RO         4793    i.nrf_pwr_mgmt_init  nrf_pwr_mgmt.o
    0x00036774   0x00036774   0x00000010   Code   RO           24    i.nrf_qwr_error_handler  main.o
    0x00036784   0x00036784   0x0000001c   Code   RO         5192    i.nrf_ringbuf_init  nrf_ringbuf.o
    0x000367a0   0x000367a0   0x0000000c   Code   RO         4906    i.nrf_rtc_cc_get    drv_rtc.o
    0x000367ac   0x000367ac   0x0000000a   Code   RO         4907    i.nrf_rtc_cc_set    drv_rtc.o
    0x000367b6   0x000367b6   0x00000008   Code   RO         4908    i.nrf_rtc_counter_get  drv_rtc.o
    0x000367be   0x000367be   0x0000000e   Code   RO         4909    i.nrf_rtc_event_clear  drv_rtc.o
    0x000367cc   0x000367cc   0x00000006   Code   RO         4910    i.nrf_rtc_event_disable  drv_rtc.o
    0x000367d2   0x000367d2   0x00000006   Code   RO         4911    i.nrf_rtc_event_enable  drv_rtc.o
    0x000367d8   0x000367d8   0x00000006   Code   RO         4912    i.nrf_rtc_int_disable  drv_rtc.o
    0x000367de   0x000367de   0x00000006   Code   RO         4913    i.nrf_rtc_int_enable  drv_rtc.o
    0x000367e4   0x000367e4   0x00000006   Code   RO         4914    i.nrf_rtc_task_trigger  drv_rtc.o
    0x000367ea   0x000367ea   0x00000002   PAD
    0x000367ec   0x000367ec   0x00000010   Code   RO         3853    i.nrf_saadc_buffer_init  nrfx_saadc.o
    0x000367fc   0x000367fc   0x00000018   Code   RO         3854    i.nrf_saadc_channel_input_set  nrfx_saadc.o
    0x00036814   0x00036814   0x00000014   Code   RO         3855    i.nrf_saadc_event_check  nrfx_saadc.o
    0x00036828   0x00036828   0x00000018   Code   RO         3856    i.nrf_saadc_event_clear  nrfx_saadc.o
    0x00036840   0x00036840   0x0000000c   Code   RO         3857    i.nrf_saadc_int_disable  nrfx_saadc.o
    0x0003684c   0x0003684c   0x0000000c   Code   RO         3858    i.nrf_saadc_int_enable  nrfx_saadc.o
    0x00036858   0x00036858   0x0000000c   Code   RO         3860    i.nrf_saadc_task_trigger  nrfx_saadc.o
    0x00036864   0x00036864   0x00000018   Code   RO         6596    i.nrf_sdh_ble_app_ram_start_get  nrf_sdh_ble.o
    0x0003687c   0x0003687c   0x000001a0   Code   RO         6597    i.nrf_sdh_ble_default_cfg_set  nrf_sdh_ble.o
    0x00036a1c   0x00036a1c   0x0000014c   Code   RO         6598    i.nrf_sdh_ble_enable  nrf_sdh_ble.o
    0x00036b68   0x00036b68   0x00000074   Code   RO         6599    i.nrf_sdh_ble_evts_poll  nrf_sdh_ble.o
    0x00036bdc   0x00036bdc   0x00000084   Code   RO         6468    i.nrf_sdh_enable_request  nrf_sdh.o
    0x00036c60   0x00036c60   0x00000030   Code   RO         6469    i.nrf_sdh_evts_poll  nrf_sdh.o
    0x00036c90   0x00036c90   0x0000000c   Code   RO         6470    i.nrf_sdh_is_enabled  nrf_sdh.o
    0x00036c9c   0x00036c9c   0x00000054   Code   RO         6655    i.nrf_sdh_soc_evts_poll  nrf_sdh_soc.o
    0x00036cf0   0x00036cf0   0x00000006   Code   RO         6475    i.nrf_section_iter_get  nrf_sdh.o
    0x00036cf6   0x00036cf6   0x00000014   Code   RO         5250    i.nrf_section_iter_init  nrf_section_iter.o
    0x00036d0a   0x00036d0a   0x0000002e   Code   RO         5251    i.nrf_section_iter_item_set  nrf_section_iter.o
    0x00036d38   0x00036d38   0x0000002e   Code   RO         5252    i.nrf_section_iter_next  nrf_section_iter.o
    0x00036d66   0x00036d66   0x00000028   Code   RO         5516    i.nrf_sortlist_add  nrf_sortlist.o
    0x00036d8e   0x00036d8e   0x00000008   Code   RO         5518    i.nrf_sortlist_peek  nrf_sortlist.o
    0x00036d96   0x00036d96   0x00000018   Code   RO         5519    i.nrf_sortlist_pop  nrf_sortlist.o
    0x00036dae   0x00036dae   0x00000026   Code   RO         5520    i.nrf_sortlist_remove  nrf_sortlist.o
    0x00036dd4   0x00036dd4   0x00000040   Code   RO         5483    i.nrf_strerror_find  nrf_strerror.o
    0x00036e14   0x00036e14   0x0000001c   Code   RO         5484    i.nrf_strerror_get  nrf_strerror.o
    0x00036e30   0x00036e30   0x00000008   Code   RO         3563    i.nrf_twim_enable   nrfx_twim.o
    0x00036e38   0x00036e38   0x0000000c   Code   RO         3564    i.nrf_twim_errorsrc_get_and_clear  nrfx_twim.o
    0x00036e44   0x00036e44   0x0000000e   Code   RO         3565    i.nrf_twim_event_check  nrfx_twim.o
    0x00036e52   0x00036e52   0x0000000e   Code   RO         3566    i.nrf_twim_event_clear  nrfx_twim.o
    0x00036e60   0x00036e60   0x00000006   Code   RO         3567    i.nrf_twim_int_disable  nrfx_twim.o
    0x00036e66   0x00036e66   0x00000006   Code   RO         3568    i.nrf_twim_int_enable  nrfx_twim.o
    0x00036e6c   0x00036e6c   0x0000000c   Code   RO         3569    i.nrf_twim_rx_buffer_set  nrfx_twim.o
    0x00036e78   0x00036e78   0x0000000a   Code   RO         3570    i.nrf_twim_rxd_amount_get  nrfx_twim.o
    0x00036e82   0x00036e82   0x00000006   Code   RO         3571    i.nrf_twim_shorts_set  nrfx_twim.o
    0x00036e88   0x00036e88   0x00000006   Code   RO         3572    i.nrf_twim_task_trigger  nrfx_twim.o
    0x00036e8e   0x00036e8e   0x0000000c   Code   RO         3573    i.nrf_twim_tx_buffer_set  nrfx_twim.o
    0x00036e9a   0x00036e9a   0x0000000a   Code   RO         3574    i.nrf_twim_txd_amount_get  nrfx_twim.o
    0x00036ea4   0x00036ea4   0x0000000c   Code   RO         2940    i.nrf_uart_errorsrc_get_and_clear  nrfx_uart.o
    0x00036eb0   0x00036eb0   0x0000000e   Code   RO         2941    i.nrf_uart_event_check  nrfx_uart.o
    0x00036ebe   0x00036ebe   0x0000000e   Code   RO         2942    i.nrf_uart_event_clear  nrfx_uart.o
    0x00036ecc   0x00036ecc   0x0000000a   Code   RO         2943    i.nrf_uart_hwfc_pins_set  nrfx_uart.o
    0x00036ed6   0x00036ed6   0x00000006   Code   RO         2944    i.nrf_uart_int_disable  nrfx_uart.o
    0x00036edc   0x00036edc   0x00000006   Code   RO         2945    i.nrf_uart_int_enable  nrfx_uart.o
    0x00036ee2   0x00036ee2   0x00000012   Code   RO         2946    i.nrf_uart_int_enable_check  nrfx_uart.o
    0x00036ef4   0x00036ef4   0x00000006   Code   RO         2947    i.nrf_uart_task_trigger  nrfx_uart.o
    0x00036efa   0x00036efa   0x0000000a   Code   RO         2948    i.nrf_uart_txrx_pins_set  nrfx_uart.o
    0x00036f04   0x00036f04   0x0000000c   Code   RO         3185    i.nrf_uarte_errorsrc_get_and_clear  nrfx_uarte.o
    0x00036f10   0x00036f10   0x0000000e   Code   RO         3186    i.nrf_uarte_event_check  nrfx_uarte.o
    0x00036f1e   0x00036f1e   0x0000000e   Code   RO         3187    i.nrf_uarte_event_clear  nrfx_uarte.o
    0x00036f2c   0x00036f2c   0x0000000c   Code   RO         3188    i.nrf_uarte_hwfc_pins_set  nrfx_uarte.o
    0x00036f38   0x00036f38   0x00000006   Code   RO         3189    i.nrf_uarte_int_disable  nrfx_uarte.o
    0x00036f3e   0x00036f3e   0x00000006   Code   RO         3190    i.nrf_uarte_int_enable  nrfx_uarte.o
    0x00036f44   0x00036f44   0x0000000a   Code   RO         3191    i.nrf_uarte_rx_amount_get  nrfx_uarte.o
    0x00036f4e   0x00036f4e   0x0000000c   Code   RO         3192    i.nrf_uarte_shorts_disable  nrfx_uarte.o
    0x00036f5a   0x00036f5a   0x00000006   Code   RO         3193    i.nrf_uarte_task_trigger  nrfx_uarte.o
    0x00036f60   0x00036f60   0x0000000a   Code   RO         3194    i.nrf_uarte_tx_amount_get  nrfx_uarte.o
    0x00036f6a   0x00036f6a   0x0000000e   Code   RO         3195    i.nrf_uarte_txrx_pins_set  nrfx_uarte.o
    0x00036f78   0x00036f78   0x00000014   Code   RO         2124    i.nrf_wdt_started   nrf_drv_clock.o
    0x00036f8c   0x00036f8c   0x00000014   Code   RO         2351    i.nrfx_clock_enable  nrfx_clock.o
    0x00036fa0   0x00036fa0   0x00000024   Code   RO         2354    i.nrfx_clock_init   nrfx_clock.o
    0x00036fc4   0x00036fc4   0x0000002c   Code   RO         2357    i.nrfx_clock_lfclk_stop  nrfx_clock.o
    0x00036ff0   0x00036ff0   0x00000018   Code   RO         3777    i.nrfx_coredep_delay_us  nrf_drv_twi.o
    0x00037008   0x00037008   0x00000018   Code   RO         4915    i.nrfx_coredep_delay_us  drv_rtc.o
    0x00037020   0x00037020   0x00000008   Code   RO         2359    i.nrfx_get_irq_number  nrfx_clock.o
    0x00037028   0x00037028   0x00000008   Code   RO         2949    i.nrfx_get_irq_number  nrfx_uart.o
    0x00037030   0x00037030   0x00000008   Code   RO         3196    i.nrfx_get_irq_number  nrfx_uarte.o
    0x00037038   0x00037038   0x00000008   Code   RO         3575    i.nrfx_get_irq_number  nrfx_twim.o
    0x00037040   0x00037040   0x00000014   Code   RO         3197    i.nrfx_is_in_ram    nrfx_uarte.o
    0x00037054   0x00037054   0x00000014   Code   RO         3576    i.nrfx_is_in_ram    nrfx_twim.o
    0x00037068   0x00037068   0x000000b0   Code   RO         2360    i.nrfx_power_clock_irq_init  nrfx_clock.o
    0x00037118   0x00037118   0x0000004e   Code   RO         2879    i.nrfx_prs_acquire  nrfx_prs.o
    0x00037166   0x00037166   0x00000002   PAD
    0x00037168   0x00037168   0x000000c0   Code   RO         3863    i.nrfx_saadc_buffer_convert  nrfx_saadc.o
    0x00037228   0x00037228   0x000000d8   Code   RO         3865    i.nrfx_saadc_channel_init  nrfx_saadc.o
    0x00037300   0x00037300   0x000000f8   Code   RO         3867    i.nrfx_saadc_init   nrfx_saadc.o
    0x000373f8   0x000373f8   0x00000030   Code   RO         3870    i.nrfx_saadc_sample  nrfx_saadc.o
    0x00037428   0x00037428   0x00000028   Code   RO         3578    i.nrfx_twim_enable  nrfx_twim.o
    0x00037450   0x00037450   0x00000128   Code   RO         3579    i.nrfx_twim_init    nrfx_twim.o
    0x00037578   0x00037578   0x00000030   Code   RO         3581    i.nrfx_twim_rx      nrfx_twim.o
    0x000375a8   0x000375a8   0x0000003e   Code   RO         3584    i.nrfx_twim_tx      nrfx_twim.o
    0x000375e6   0x000375e6   0x00000002   PAD
    0x000375e8   0x000375e8   0x00000034   Code   RO         3586    i.nrfx_twim_xfer    nrfx_twim.o
    0x0003761c   0x0003761c   0x00000014   Code   RO         2950    i.nrfx_uart_0_irq_handler  nrfx_uart.o
    0x00037630   0x00037630   0x00000088   Code   RO         2952    i.nrfx_uart_init    nrfx_uart.o
    0x000376b8   0x000376b8   0x00000124   Code   RO         2953    i.nrfx_uart_rx      nrfx_uart.o
    0x000377dc   0x000377dc   0x0000008c   Code   RO         2958    i.nrfx_uart_tx      nrfx_uart.o
    0x00037868   0x00037868   0x00000024   Code   RO         2960    i.nrfx_uart_tx_in_progress  nrfx_uart.o
    0x0003788c   0x0003788c   0x00000014   Code   RO         3198    i.nrfx_uarte_0_irq_handler  nrfx_uarte.o
    0x000378a0   0x000378a0   0x00000080   Code   RO         3200    i.nrfx_uarte_init   nrfx_uarte.o
    0x00037920   0x00037920   0x00000138   Code   RO         3201    i.nrfx_uarte_rx     nrfx_uarte.o
    0x00037a58   0x00037a58   0x000000c0   Code   RO         3204    i.nrfx_uarte_tx     nrfx_uarte.o
    0x00037b18   0x00037b18   0x00000020   Code   RO         3206    i.nrfx_uarte_tx_in_progress  nrfx_uarte.o
    0x00037b38   0x00037b38   0x000000d8   Code   RO           25    i.on_adv_evt        main.o
    0x00037c10   0x00037c10   0x00000014   Code   RO         4208    i.on_compare1_evt   app_timer2.o
    0x00037c24   0x00037c24   0x00000020   Code   RO         4209    i.on_compare_evt    app_timer2.o
    0x00037c44   0x00037c44   0x0000002c   Code   RO           26    i.on_conn_params_evt  main.o
    0x00037c70   0x00037c70   0x00000030   Code   RO         1333    i.on_conn_params_update  ble_conn_params.o
    0x00037ca0   0x00037ca0   0x00000070   Code   RO         1334    i.on_connect        ble_conn_params.o
    0x00037d10   0x00037d10   0x0000000e   Code   RO         1721    i.on_connected      ble_advertising.o
    0x00037d1e   0x00037d1e   0x00000002   PAD
    0x00037d20   0x00037d20   0x000000c4   Code   RO         1883    i.on_connected_evt  nrf_ble_gatt.o
    0x00037de4   0x00037de4   0x00000054   Code   RO         1884    i.on_data_length_update_evt  nrf_ble_gatt.o
    0x00037e38   0x00037e38   0x00000030   Code   RO         1885    i.on_data_length_update_request_evt  nrf_ble_gatt.o
    0x00037e68   0x00037e68   0x00000032   Code   RO         1335    i.on_disconnect     ble_conn_params.o
    0x00037e9a   0x00037e9a   0x00000032   Code   RO         1722    i.on_disconnected   ble_advertising.o
    0x00037ecc   0x00037ecc   0x00000014   Code   RO         1886    i.on_disconnected_evt  nrf_ble_gatt.o
    0x00037ee0   0x00037ee0   0x000000c8   Code   RO         1887    i.on_exchange_mtu_request_evt  nrf_ble_gatt.o
    0x00037fa8   0x00037fa8   0x00000064   Code   RO         1888    i.on_exchange_mtu_rsp_evt  nrf_ble_gatt.o
    0x0003800c   0x0003800c   0x00000028   Code   RO         2058    i.on_hvx_tx_complete  my_ble_uarts.o
    0x00038034   0x00038034   0x0000001c   Code   RO         4210    i.on_overflow_evt   app_timer2.o
    0x00038050   0x00038050   0x0000006a   Code   RO         1999    i.on_rw_authorize_request  nrf_ble_qwr.o
    0x000380ba   0x000380ba   0x00000040   Code   RO         1723    i.on_terminated     ble_advertising.o
    0x000380fa   0x000380fa   0x00000002   Code   RO         2000    i.on_user_mem_release  nrf_ble_qwr.o
    0x000380fc   0x000380fc   0x00000020   Code   RO         2001    i.on_user_mem_request  nrf_ble_qwr.o
    0x0003811c   0x0003811c   0x00000058   Code   RO         1336    i.on_write          ble_conn_params.o
    0x00038174   0x00038174   0x00000042   Code   RO         2059    i.on_write          my_ble_uarts.o
    0x000381b6   0x000381b6   0x00000016   Code   RO         1724    i.phy_is_valid      ble_advertising.o
    0x000381cc   0x000381cc   0x000000c0   Code   RO         2564    i.port_event_handle  nrfx_gpiote.o
    0x0003828c   0x0003828c   0x00000010   Code   RO         2565    i.port_handler_pin_get  nrfx_gpiote.o
    0x0003829c   0x0003829c   0x00000010   Code   RO         2566    i.port_handler_polarity_get  nrfx_gpiote.o
    0x000382ac   0x000382ac   0x00000048   Code   RO         6152    i.postfix_process   nrf_log_str_formatter.o
    0x000382f4   0x000382f4   0x0000001c   Code   RO           27    i.power_management_init  main.o
    0x00038310   0x00038310   0x000000a4   Code   RO         6153    i.prefix_process    nrf_log_str_formatter.o
    0x000383b4   0x000383b4   0x00000018   Code   RO         2881    i.prs_box_get       nrfx_prs.o
    0x000383cc   0x000383cc   0x00000010   Code   RO         6600    i.ram_end_address_get  nrf_sdh_ble.o
    0x000383dc   0x000383dc   0x00000028   Code   RO         1464    i.record_activate   ble_conn_state.o
    0x00038404   0x00038404   0x00000020   Code   RO         1465    i.record_invalidate  ble_conn_state.o
    0x00038424   0x00038424   0x00000048   Code   RO         1466    i.record_purge_disconnected  ble_conn_state.o
    0x0003846c   0x0003846c   0x00000014   Code   RO         1467    i.record_set_disconnected  ble_conn_state.o
    0x00038480   0x00038480   0x0000003e   Code   RO         4211    i.rtc_irq           app_timer2.o
    0x000384be   0x000384be   0x00000002   PAD
    0x000384c0   0x000384c0   0x0000007c   Code   RO         4212    i.rtc_schedule      app_timer2.o
    0x0003853c   0x0003853c   0x000000a4   Code   RO         4213    i.rtc_update        app_timer2.o
    0x000385e0   0x000385e0   0x0000003e   Code   RO         2963    i.rx_byte           nrfx_uart.o
    0x0003861e   0x0003861e   0x0000001c   Code   RO         2964    i.rx_done_event     nrfx_uart.o
    0x0003863a   0x0003863a   0x0000001c   Code   RO         3209    i.rx_done_event     nrfx_uarte.o
    0x00038656   0x00038656   0x00000022   Code   RO         2965    i.rx_enable         nrfx_uart.o
    0x00038678   0x00038678   0x0000005c   Code   RO           28    i.saadc_callback    main.o
    0x000386d4   0x000386d4   0x00000098   Code   RO           29    i.saadc_init        main.o
    0x0003876c   0x0003876c   0x000000a4   Code   RO         6477    i.sd_nvic_EnableIRQ  nrf_sdh.o
    0x00038810   0x00038810   0x00000068   Code   RO         5385    i.sd_nvic_critical_region_enter  app_util_platform.o
    0x00038878   0x00038878   0x00000090   Code   RO         2125    i.sd_state_evt_handler  nrf_drv_clock.o
    0x00038908   0x00038908   0x0000003c   Code   RO         6478    i.sdh_request_observer_notify  nrf_sdh.o
    0x00038944   0x00038944   0x00000034   Code   RO         6479    i.sdh_state_observer_notify  nrf_sdh.o
    0x00038978   0x00038978   0x00000018   Code   RO         1337    i.send_error_evt    ble_conn_params.o
    0x00038990   0x00038990   0x00000024   Code   RO         1338    i.send_update_request  ble_conn_params.o
    0x000389b4   0x000389b4   0x00000084   Code   RO         5787    i.serial_tx         nrf_log_backend_rtt.o
    0x00038a38   0x00038a38   0x00000096   Code   RO         1168    i.service_data_encode  ble_advdata.o
    0x00038ace   0x00038ace   0x00000002   PAD
    0x00038ad0   0x00038ad0   0x0000005c   Code   RO           30    i.services_init     main.o
    0x00038b2c   0x00038b2c   0x00000030   Code   RO         1725    i.set_adv_mode_directed  ble_advertising.o
    0x00038b5c   0x00038b5c   0x00000024   Code   RO         1726    i.set_adv_mode_directed_high_duty  ble_advertising.o
    0x00038b80   0x00038b80   0x0000005c   Code   RO         1727    i.set_adv_mode_fast  ble_advertising.o
    0x00038bdc   0x00038bdc   0x0000005c   Code   RO         1728    i.set_adv_mode_slow  ble_advertising.o
    0x00038c38   0x00038c38   0x00000090   Code   RO         6747    i.set_int_enable    inv_mpu.o
    0x00038cc8   0x00038cc8   0x000000be   Code   RO         1641    i.set_security_req  ble_srv_common.o
    0x00038d86   0x00038d86   0x00000006   Code   RO         7543    i.set_sensor_orientation_and_scale  data_builder.o
    0x00038d8c   0x00038d8c   0x00000254   Code   RO         6748    i.setup_compass     inv_mpu.o
    0x00038fe0   0x00038fe0   0x0000001c   Code   RO         2126    i.soc_evt_handler   nrf_drv_clock.o
    0x00038ffc   0x00038ffc   0x0000001e   Code   RO         6481    i.softdevices_evt_irq_enable  nrf_sdh.o
    0x0003901a   0x0003901a   0x00000014   Code   RO         4214    i.sorted_list_stop_all  app_timer2.o
    0x0003902e   0x0003902e   0x00000002   PAD
    0x00039030   0x00039030   0x00000018   Code   RO         4215    i.sortlist_pop      app_timer2.o
    0x00039048   0x00039048   0x0000003e   Code   RO        11083    i.sqrtf             m_wm.l(sqrtf.o)
    0x00039086   0x00039086   0x00000002   PAD
    0x00039088   0x00039088   0x00000064   Code   RO         5973    i.std_header_set    nrf_log_frontend.o
    0x000390ec   0x000390ec   0x00000070   Code   RO         5974    i.std_n             nrf_log_frontend.o
    0x0003915c   0x0003915c   0x00000074   Code   RO         5145    i.string_print      nrf_fprintf_format.o
    0x000391d0   0x000391d0   0x0000000a   Code   RO         4916    i.ticks_sub         drv_rtc.o
    0x000391da   0x000391da   0x00000002   PAD
    0x000391dc   0x000391dc   0x0000006c   Code   RO         4216    i.timer_expire      app_timer2.o
    0x00039248   0x00039248   0x00000094   Code   RO         4217    i.timer_req_process  app_timer2.o
    0x000392dc   0x000392dc   0x00000040   Code   RO         4218    i.timer_req_schedule  app_timer2.o
    0x0003931c   0x0003931c   0x0000001c   Code   RO           31    i.timers_init       main.o
    0x00039338   0x00039338   0x00000002   Code   RO         6154    i.timestamp_print   nrf_log_str_formatter.o
    0x0003933a   0x0003933a   0x00000002   PAD
    0x0003933c   0x0003933c   0x00000098   Code   RO         3778    i.twi_clear_bus     nrf_drv_twi.o
    0x000393d4   0x000393d4   0x00000044   Code   RO          552    i.twi_master_init   nrf_mpu9250_twi_drv.o
    0x00039418   0x00039418   0x00000024   Code   RO         3587    i.twi_process_error  nrfx_twim.o
    0x0003943c   0x0003943c   0x00000048   Code   RO         3780    i.twim_evt_handler  nrf_drv_twi.o
    0x00039484   0x00039484   0x000001e8   Code   RO         3588    i.twim_irq_handler  nrfx_twim.o
    0x0003966c   0x0003966c   0x00000330   Code   RO         3589    i.twim_xfer         nrfx_twim.o
    0x0003999c   0x0003999c   0x00000036   Code   RO         2966    i.tx_blocking       nrfx_uart.o
    0x000399d2   0x000399d2   0x00000026   Code   RO         2967    i.tx_byte           nrfx_uart.o
    0x000399f8   0x000399f8   0x00000020   Code   RO         2968    i.tx_done_event     nrfx_uart.o
    0x00039a18   0x00039a18   0x00000020   Code   RO         3210    i.tx_done_event     nrfx_uarte.o
    0x00039a38   0x00039a38   0x00000036   Code   RO         1169    i.tx_power_level_encode  ble_advdata.o
    0x00039a6e   0x00039a6e   0x00000002   PAD
    0x00039a70   0x00039a70   0x0000005c   Code   RO           32    i.uart_config       main.o
    0x00039acc   0x00039acc   0x000000cc   Code   RO           33    i.uart_event_handle  main.o
    0x00039b98   0x00039b98   0x000000e4   Code   RO         5663    i.uart_event_handler  app_uart_fifo.o
    0x00039c7c   0x00039c7c   0x00000038   Code   RO         2289    i.uart_evt_handler  nrf_drv_uart.o
    0x00039cb4   0x00039cb4   0x0000014e   Code   RO         2969    i.uart_irq_handler  nrfx_uart.o
    0x00039e02   0x00039e02   0x00000002   PAD
    0x00039e04   0x00039e04   0x00000038   Code   RO         2290    i.uarte_evt_handler  nrf_drv_uart.o
    0x00039e3c   0x00039e3c   0x00000134   Code   RO         3211    i.uarte_irq_handler  nrfx_uarte.o
    0x00039f70   0x00039f70   0x000000a8   Code   RO           34    i.uarts_data_handler  main.o
    0x0003a018   0x0003a018   0x0000000c   Code   RO         1642    i.uint16_decode     ble_srv_common.o
    0x0003a024   0x0003a024   0x0000000c   Code   RO         1170    i.uint16_encode     ble_advdata.o
    0x0003a030   0x0003a030   0x000000b8   Code   RO         5146    i.unsigned_print    nrf_fprintf_format.o
    0x0003a0e8   0x0003a0e8   0x00000074   Code   RO         1339    i.update_timeout_handler  ble_conn_params.o
    0x0003a15c   0x0003a15c   0x0000001e   Code   RO         1729    i.use_whitelist     ble_advertising.o
    0x0003a17a   0x0003a17a   0x0000002c   Code   RO         2002    i.user_mem_reply    nrf_ble_qwr.o
    0x0003a1a6   0x0003a1a6   0x0000004e   Code   RO         1171    i.uuid_list_encode  ble_advdata.o
    0x0003a1f4   0x0003a1f4   0x000000d6   Code   RO         1172    i.uuid_list_sized_encode  ble_advdata.o
    0x0003a2ca   0x0003a2ca   0x00000008   Code   RO         1730    i.whitelist_has_entries  ble_advertising.o
    0x0003a2d2   0x0003a2d2   0x000000a0   Code   RO         3590    i.xfer_completeness_check  nrfx_twim.o
    0x0003a372   0x0003a372   0x00000002   PAD
    0x0003a374   0x0003a374   0x00000031   Data   RO           36    .constdata          main.o
    0x0003a3a5   0x0003a3a5   0x0000000b   PAD
    0x0003a3b0   0x0003a3b0   0x0000002c   Data   RO          554    .constdata          nrf_mpu9250_twi_drv.o
    0x0003a3dc   0x0003a3dc   0x00000008   Data   RO          849    .constdata          boards.o
    0x0003a3e4   0x0003a3e4   0x0000002c   Data   RO          980    .constdata          bsp.o
    0x0003a410   0x0003a410   0x00000016   Data   RO         1889    .constdata          nrf_ble_gatt.o
    0x0003a426   0x0003a426   0x00000002   PAD
    0x0003a428   0x0003a428   0x00000010   Data   RO         2060    .constdata          my_ble_uarts.o
    0x0003a438   0x0003a438   0x0000003e   Data   RO         2568    .constdata          nrfx_gpiote.o
    0x0003a476   0x0003a476   0x00000002   PAD
    0x0003a478   0x0003a478   0x0000002e   Data   RO         2971    .constdata          nrfx_uart.o
    0x0003a4a6   0x0003a4a6   0x00000002   PAD
    0x0003a4a8   0x0003a4a8   0x00000030   Data   RO         3213    .constdata          nrfx_uarte.o
    0x0003a4d8   0x0003a4d8   0x00000044   Data   RO         3592    .constdata          nrfx_twim.o
    0x0003a51c   0x0003a51c   0x00000004   PAD
    0x0003a520   0x0003a520   0x00000006   Data   RO         3781    .constdata          nrf_drv_twi.o
    0x0003a526   0x0003a526   0x00000002   PAD
    0x0003a528   0x0003a528   0x00000014   Data   RO         4220    .constdata          app_timer2.o
    0x0003a53c   0x0003a53c   0x00000024   Data   RO         4798    .constdata          nrf_pwr_mgmt.o
    0x0003a560   0x0003a560   0x00000006   Data   RO         4917    .constdata          drv_rtc.o
    0x0003a566   0x0003a566   0x00000010   Data   RO         5147    .constdata          nrf_fprintf_format.o
    0x0003a576   0x0003a576   0x00000002   PAD
    0x0003a578   0x0003a578   0x0000013c   Data   RO         5485    .constdata          nrf_strerror.o
    0x0003a6b4   0x0003a6b4   0x00000020   Data   RO         5665    .constdata          app_uart_fifo.o
    0x0003a6d4   0x0003a6d4   0x0000000c   PAD
    0x0003a6e0   0x0003a6e0   0x00000016   Data   RO         5789    .constdata          nrf_log_backend_rtt.o
    0x0003a6f6   0x0003a6f6   0x00000002   PAD
    0x0003a6f8   0x0003a6f8   0x0000000c   Data   RO         5976    .constdata          nrf_log_frontend.o
    0x0003a704   0x0003a704   0x00000058   Data   RO         6482    .constdata          nrf_sdh.o
    0x0003a75c   0x0003a75c   0x00000030   Data   RO         6601    .constdata          nrf_sdh_ble.o
    0x0003a78c   0x0003a78c   0x0000001c   Data   RO         6656    .constdata          nrf_sdh_soc.o
    0x0003a7a8   0x0003a7a8   0x00000008   PAD
    0x0003a7b0   0x0003a7b0   0x00000276   Data   RO         6750    .constdata          inv_mpu.o
    0x0003aa26   0x0003aa26   0x00000bf6   Data   RO         7194    .constdata          inv_mpu_dmp_motion_driver.o
    0x0003b61c   0x0003b61c   0x0000002f   Data   RO         8416    .constdata          mpl.o
    0x0003b64b   0x0003b64b   0x00000005   PAD
    0x0003b650   0x0003b650   0x00000038   Data   RO        11020    .constdata          m_wm.l(log.o)
    0x0003b688   0x0003b688   0x00000081   Data   RO        11105    .constdata          mc_w.l(ctype_o.o)
    0x0003b709   0x0003b709   0x00000003   PAD
    0x0003b70c   0x0003b70c   0x00000004   Data   RO        11106    .constdata          mc_w.l(ctype_o.o)
    0x0003b710   0x0003b710   0x00000030   Data   RO        11432    .constdata          m_wm.l(cos_i.o)
    0x0003b740   0x0003b740   0x00000008   Data   RO        11468    .constdata          m_wm.l(qnan.o)
    0x0003b748   0x0003b748   0x000000c8   Data   RO        11471    .constdata          m_wm.l(rred.o)
    0x0003b810   0x0003b810   0x00000020   Data   RO        11475    .constdata          m_wm.l(rredf.o)
    0x0003b830   0x0003b830   0x00000028   Data   RO        11478    .constdata          m_wm.l(sin_i.o)
    0x0003b858   0x0003b858   0x000000a2   Data   RO         1890    .conststring        nrf_ble_gatt.o
    0x0003b8fa   0x0003b8fa   0x00000002   PAD
    0x0003b8fc   0x0003b8fc   0x000003eb   Data   RO         5486    .conststring        nrf_strerror.o
    0x0003bce7   0x0003bce7   0x00000001   PAD
    0x0003bce8   0x0003bce8   0x00000066   Data   RO         6155    .conststring        nrf_log_str_formatter.o
    0x0003bd4e   0x0003bd4e   0x00000002   PAD
    0x0003bd50   0x0003bd50   0x000001cf   Data   RO         6602    .conststring        nrf_sdh_ble.o
    0x0003bf1f   0x0003bf1f   0x00000001   PAD
    0x0003bf20   0x0003bf20   0x00000009   Data   RO         6751    .conststring        inv_mpu.o
    0x0003bf29   0x0003bf29   0x00000003   PAD
    0x0003bf2c   0x0003bf2c   0x00000044   Data   RO         7545    .conststring        data_builder.o
    0x0003bf70   0x0003bf70   0x0000000d   Data   RO         1891    .conststrlit        nrf_ble_gatt.o
    0x0003bf7d   0x0003bf7d   0x00000003   PAD
    0x0003bf80   0x0003bf80   0x00000006   Data   RO         2129    .conststrlit        nrf_drv_clock.o
    0x0003bf86   0x0003bf86   0x00000002   PAD
    0x0003bf88   0x0003bf88   0x00000006   Data   RO         2362    .conststrlit        nrfx_clock.o
    0x0003bf8e   0x0003bf8e   0x00000002   PAD
    0x0003bf90   0x0003bf90   0x00000007   Data   RO         2569    .conststrlit        nrfx_gpiote.o
    0x0003bf97   0x0003bf97   0x00000001   PAD
    0x0003bf98   0x0003bf98   0x00000004   Data   RO         2883    .conststrlit        nrfx_prs.o
    0x0003bf9c   0x0003bf9c   0x00000005   Data   RO         2972    .conststrlit        nrfx_uart.o
    0x0003bfa1   0x0003bfa1   0x00000003   PAD
    0x0003bfa4   0x0003bfa4   0x00000006   Data   RO         3214    .conststrlit        nrfx_uarte.o
    0x0003bfaa   0x0003bfaa   0x00000002   PAD
    0x0003bfac   0x0003bfac   0x00000005   Data   RO         3593    .conststrlit        nrfx_twim.o
    0x0003bfb1   0x0003bfb1   0x00000003   PAD
    0x0003bfb4   0x0003bfb4   0x00000006   Data   RO         3876    .conststrlit        nrfx_saadc.o
    0x0003bfba   0x0003bfba   0x00000002   PAD
    0x0003bfbc   0x0003bfbc   0x0000000b   Data   RO         4023    .conststrlit        app_button.o
    0x0003bfc7   0x0003bfc7   0x00000001   PAD
    0x0003bfc8   0x0003bfc8   0x0000000a   Data   RO         4221    .conststrlit        app_timer2.o
    0x0003bfd2   0x0003bfd2   0x00000002   PAD
    0x0003bfd4   0x0003bfd4   0x00000009   Data   RO         4799    .conststrlit        nrf_pwr_mgmt.o
    0x0003bfdd   0x0003bfdd   0x00000003   PAD
    0x0003bfe0   0x0003bfe0   0x00000009   Data   RO         5521    .conststrlit        nrf_sortlist.o
    0x0003bfe9   0x0003bfe9   0x00000003   PAD
    0x0003bfec   0x0003bfec   0x00000010   Data   RO         5907    .conststrlit        nrf_log_default_backends.o
    0x0003bffc   0x0003bffc   0x00000004   Data   RO         5977    .conststrlit        nrf_log_frontend.o
    0x0003c000   0x0003c000   0x00000008   Data   RO         6483    .conststrlit        nrf_sdh.o
    0x0003c008   0x0003c008   0x0000000c   Data   RO         6603    .conststrlit        nrf_sdh_ble.o
    0x0003c014   0x0003c014   0x0000000c   Data   RO         6657    .conststrlit        nrf_sdh_soc.o
    0x0003c020   0x0003c020   0x00000020   Data   RO        11525    Region$$Table       anon$$obj.o
    0x0003c040   0x0003c040   0x00000010   Data   RO         5909    log_backends        nrf_log_default_backends.o
    0x0003c050   0x0003c050   0x00000008   Data   RO         1892    log_const_data      nrf_ble_gatt.o
    0x0003c058   0x0003c058   0x00000008   Data   RO         2130    log_const_data      nrf_drv_clock.o
    0x0003c060   0x0003c060   0x00000008   Data   RO         2364    log_const_data      nrfx_clock.o
    0x0003c068   0x0003c068   0x00000008   Data   RO         2570    log_const_data      nrfx_gpiote.o
    0x0003c070   0x0003c070   0x00000008   Data   RO         2885    log_const_data      nrfx_prs.o
    0x0003c078   0x0003c078   0x00000008   Data   RO         2973    log_const_data      nrfx_uart.o
    0x0003c080   0x0003c080   0x00000008   Data   RO         3215    log_const_data      nrfx_uarte.o
    0x0003c088   0x0003c088   0x00000008   Data   RO         3594    log_const_data      nrfx_twim.o
    0x0003c090   0x0003c090   0x00000008   Data   RO         3877    log_const_data      nrfx_saadc.o
    0x0003c098   0x0003c098   0x00000008   Data   RO         4025    log_const_data      app_button.o
    0x0003c0a0   0x0003c0a0   0x00000008   Data   RO         4223    log_const_data      app_timer2.o
    0x0003c0a8   0x0003c0a8   0x00000008   Data   RO         4801    log_const_data      nrf_pwr_mgmt.o
    0x0003c0b0   0x0003c0b0   0x00000008   Data   RO         5522    log_const_data      nrf_sortlist.o
    0x0003c0b8   0x0003c0b8   0x00000008   Data   RO         5979    log_const_data      nrf_log_frontend.o
    0x0003c0c0   0x0003c0c0   0x00000008   Data   RO         6485    log_const_data      nrf_sdh.o
    0x0003c0c8   0x0003c0c8   0x00000008   Data   RO         6605    log_const_data      nrf_sdh_ble.o
    0x0003c0d0   0x0003c0d0   0x00000008   Data   RO         6658    log_const_data      nrf_sdh_soc.o
    0x0003c0d8   0x0003c0d8   0x00000014   Data   RO         5980    nrf_balloc          nrf_log_frontend.o
    0x0003c0ec   0x0003c0ec   0x00000008   Data   RO         1470    sdh_ble_observers0  ble_conn_state.o
    0x0003c0f4   0x0003c0f4   0x00000010   Data   RO           38    sdh_ble_observers1  main.o
    0x0003c104   0x0003c104   0x00000008   Data   RO         1342    sdh_ble_observers1  ble_conn_params.o
    0x0003c10c   0x0003c10c   0x00000010   Data   RO           39    sdh_ble_observers2  main.o
    0x0003c11c   0x0003c11c   0x00000008   Data   RO           40    sdh_ble_observers3  main.o
    0x0003c124   0x0003c124   0x00000008   Data   RO         2131    sdh_soc_observers0  nrf_drv_clock.o
    0x0003c12c   0x0003c12c   0x00000008   Data   RO         6606    sdh_stack_observers0  nrf_sdh_ble.o
    0x0003c134   0x0003c134   0x00000008   Data   RO         6659    sdh_stack_observers0  nrf_sdh_soc.o
    0x0003c13c   0x0003c13c   0x00000008   Data   RO         2132    sdh_state_observers0  nrf_drv_clock.o


    Execution Region RW_IRAM1 (Exec base: 0x20002ad8, Load base: 0x0003c144, Size: 0x00004a98, Max: 0x0000d528, ABSOLUTE, COMPRESSED[0x00000074])

    Exec Addr    Load Addr    Size         Type   Attr      Idx    E Section Name        Object

    0x20002ad8   COMPRESSED   0x0000001c   Data   RW           37    .data               main.o
    0x20002af4   COMPRESSED   0x00000002   Data   RW          555    .data               nrf_mpu9250_twi_drv.o
    0x20002af6   COMPRESSED   0x00000002   PAD
    0x20002af8   COMPRESSED   0x00000015   Data   RW          981    .data               bsp.o
    0x20002b0d   COMPRESSED   0x00000001   PAD
    0x20002b0e   COMPRESSED   0x00000008   Data   RW         1341    .data               ble_conn_params.o
    0x20002b16   COMPRESSED   0x00000002   PAD
    0x20002b18   COMPRESSED   0x00000009   Data   RW         2291    .data               nrf_drv_uart.o
    0x20002b21   COMPRESSED   0x00000003   PAD
    0x20002b24   COMPRESSED   0x00000008   Data   RW         2363    .data               nrfx_clock.o
    0x20002b2c   COMPRESSED   0x00000008   Data   RW         2884    .data               nrfx_prs.o
    0x20002b34   COMPRESSED   0x00000010   Data   RW         3782    .data               nrf_drv_twi.o
    0x20002b44   COMPRESSED   0x00000004   PAD
    0x20002b48   COMPRESSED   0x00000024   Data   RW         4222    .data               app_timer2.o
    0x20002b6c   COMPRESSED   0x00000009   Data   RW         4800    .data               nrf_pwr_mgmt.o
    0x20002b75   COMPRESSED   0x00000003   PAD
    0x20002b78   COMPRESSED   0x0000000c   Data   RW         4918    .data               drv_rtc.o
    0x20002b84   COMPRESSED   0x0000001b   Data   RW         5666    .data               app_uart_fifo.o
    0x20002b9f   COMPRESSED   0x00000001   PAD
    0x20002ba0   COMPRESSED   0x00000008   Data   RW         5748    .data               retarget.o
    0x20002ba8   COMPRESSED   0x00000001   Data   RW         5790    .data               nrf_log_backend_rtt.o
    0x20002ba9   COMPRESSED   0x00000003   PAD
    0x20002bac   COMPRESSED   0x00000008   Data   RW         5908    .data               nrf_log_default_backends.o
    0x20002bb4   COMPRESSED   0x00000014   Data   RW         5978    .data               nrf_log_frontend.o
    0x20002bc8   COMPRESSED   0x00000040   Data   RW         6156    .data               nrf_log_str_formatter.o
    0x20002c08   COMPRESSED   0x00000003   Data   RW         6484    .data               nrf_sdh.o
    0x20002c0b   COMPRESSED   0x00000001   Data   RW         6604    .data               nrf_sdh_ble.o
    0x20002c0c   COMPRESSED   0x0000004e   Data   RW         6752    .data               inv_mpu.o
    0x20002c5a   COMPRESSED   0x00000002   PAD
    0x20002c5c   COMPRESSED   0x00000004   Data   RW         8025    .data               message_layer.o
    0x20002c60   COMPRESSED   0x00000004   Data   RW         9139    .data               system_nrf52.o
    0x20002c64   COMPRESSED   0x00000010   Data   RW        10655    .data               libmpllib.lib(compass_vec_cal.o)
    0x20002c74   COMPRESSED   0x00000004   Data   RW        11504    .data               mc_w.l(errno.o)
    0x20002c78        -       0x00000774   Zero   RW           35    .bss                main.o
    0x200033ec        -       0x0000000e   Zero   RW          553    .bss                nrf_mpu9250_twi_drv.o
    0x200033fa   COMPRESSED   0x00000006   PAD
    0x20003400        -       0x00000070   Zero   RW          979    .bss                bsp.o
    0x20003470        -       0x00000050   Zero   RW         1340    .bss                ble_conn_params.o
    0x200034c0        -       0x0000007c   Zero   RW         1469    .bss                ble_conn_state.o
    0x2000353c        -       0x00000014   Zero   RW         2127    .bss                nrf_drv_clock.o
    0x20003550        -       0x0000005c   Zero   RW         2567    .bss                nrfx_gpiote.o
    0x200035ac        -       0x0000002c   Zero   RW         2970    .bss                nrfx_uart.o
    0x200035d8        -       0x00000024   Zero   RW         3212    .bss                nrfx_uarte.o
    0x200035fc        -       0x00000034   Zero   RW         3591    .bss                nrfx_twim.o
    0x20003630        -       0x00000030   Zero   RW         3874    .bss                nrfx_saadc.o
    0x20003660        -       0x00000068   Zero   RW         4219    .bss                app_timer2.o
    0x200036c8        -       0x0000000c   Zero   RW         4797    .bss                nrf_pwr_mgmt.o
    0x200036d4        -       0x0000000c   Zero   RW         5386    .bss                app_util_platform.o
    0x200036e0        -       0x00000020   Zero   RW         5664    .bss                app_uart_fifo.o
    0x20003700        -       0x00000040   Zero   RW         5788    .bss                nrf_log_backend_rtt.o
    0x20003740        -       0x00000578   Zero   RW         5975    .bss                nrf_log_frontend.o
    0x20003cb8        -       0x00000288   Zero   RW         6236    .bss                segger_rtt.o
    0x20003f40        -       0x00000010   Zero   RW         6749    .bss                inv_mpu.o
    0x20003f50        -       0x00000010   Zero   RW         7193    .bss                inv_mpu_dmp_motion_driver.o
    0x20003f60        -       0x00000028   Zero   RW         7397    .bss                empl_outputs.o
    0x20003f88        -       0x000002d8   Zero   RW         7544    .bss                data_builder.o
    0x20004260        -       0x000000c4   Zero   RW         7935    .bss                hal_outputs.o
    0x20004324        -       0x00000088   Zero   RW         8488    .bss                results_holder.o
    0x200043ac        -       0x00000054   Zero   RW         8689    .bss                start_manager.o
    0x20004400        -       0x00000198   Zero   RW         8723    .bss                storage_manager.o
    0x20004598        -       0x00000460   Zero   RW        10654    .bss                libmpllib.lib(compass_vec_cal.o)
    0x200049f8        -       0x000002a0   Zero   RW        10744    .bss                libmpllib.lib(fast_no_motion.o)
    0x20004c98        -       0x00000138   Zero   RW        10777    .bss                libmpllib.lib(fusion_9axis.o)
    0x20004dd0        -       0x000001c4   Zero   RW        10799    .bss                libmpllib.lib(gyro_tc.o)
    0x20004f94        -       0x000000b8   Zero   RW        10817    .bss                libmpllib.lib(mag_disturb.o)
    0x2000504c        -       0x0000006c   Zero   RW        10839    .bss                libmpllib.lib(quaternion_supervisor.o)
    0x200050b8        -       0x000004b8   Zero   RW        10857    .bss                libmpllib.lib(accel_auto_cal.o)
    0x20005570        -       0x00002000   Zero   RW         8760    STACK               arm_startup_nrf52.o


==============================================================================

Image component sizes


      Code (inc. data)   RO Data    RW Data    ZI Data      Debug   Object Name

         0          0         19          0          0      35171   app_button.o
        28          0          0          0          0       2333   app_error.o
       188         44          0          0          0      34021   app_error_weak.o
       170          0          0          0          0       5550   app_fifo.o
      1122        124         38         36        104      17473   app_timer2.o
       786        108         32         27         32      22450   app_uart_fifo.o
       200         24          0          0         12      11042   app_util_platform.o
        36          8        512          0       8192        888   arm_startup_nrf52.o
      1770          0          0          0          0     104524   ble_advdata.o
      1390          6          0          0          0      20627   ble_advertising.o
       936         56          8          8         80      17491   ble_conn_params.o
       438         26          8          0        124       7199   ble_conn_state.o
       676          6          0          0          0      40781   ble_srv_common.o
       270         20          8          0          0      10439   boards.o
      1172         74         44         21        112      15793   bsp.o
      2600        286         68          0        728      28188   data_builder.o
      1010         98          6         12          0      52833   drv_rtc.o
       924         48          0          0         40       8282   empl_outputs.o
       112          8          0          0        196       2158   hal_outputs.o
      5418        204        639         78         16      32492   inv_mpu.o
      2544        138       3062          0         16      20317   inv_mpu_dmp_motion_driver.o
       202         10          0          0          0       4562   log_stm32.o
      2684        330         89         28       1908     178912   main.o
        28          4          0          4          0       1334   message_layer.o
      1878         24          0          0          0      18337   ml_math_func.o
       272        100         47          0          0       2752   mpl.o
       510          6         16          0          0       6414   my_ble_uarts.o
       352          0          0          0          0       5525   nrf_atfifo.o
        90          0          0          0          0       2828   nrf_atflags.o
       386          0          0          0          0       7419   nrf_atomic.o
       218          0          0          0          0       7843   nrf_balloc.o
      1248        280        205          0          0      38945   nrf_ble_gatt.o
       390          0          0          0          0       7121   nrf_ble_qwr.o
       440         52         30          0         20      47420   nrf_drv_clock.o
       372         30          6         16          0      23075   nrf_drv_twi.o
       252         42          0          9          0      17136   nrf_drv_uart.o
        70          0          0          0          0       3317   nrf_fprintf.o
      1030          6         16          0          0       6822   nrf_fprintf_format.o
       176         16         22          1         64       6365   nrf_log_backend_rtt.o
       242          0          0          0          0      10629   nrf_log_backend_serial.o
        40          6         32          8          0       3121   nrf_log_default_backends.o
      2074        148         44         20       1400      29690   nrf_log_frontend.o
       626        112        102         64          0       5576   nrf_log_str_formatter.o
       514          0          0          0          0       9927   nrf_memobj.o
       650         54         44          2         14     105902   nrf_mpu9250_twi_drv.o
        64         18         53          9         12       9757   nrf_pwr_mgmt.o
        28          0          0          0          0       2127   nrf_ringbuf.o
       568         56        104          3          0      41441   nrf_sdh.o
       904        240        539          1          0       6083   nrf_sdh_ble.o
        84          4         56          0          0       2476   nrf_sdh_soc.o
       112          0          0          0          0       2568   nrf_section_iter.o
       110          0         17          0          0       3665   nrf_sortlist.o
        92         10       1319          0          0       2511   nrf_strerror.o
       424         32         14          8          0      47988   nrfx_clock.o
       664         44         77          0         92      58874   nrfx_gpiote.o
       118         14         12          8          0       3505   nrfx_prs.o
      1284         78         14          0         48      18989   nrfx_saadc.o
      2238         54         81          0         52      65538   nrfx_twim.o
      1694         46         59          0         44      33185   nrfx_uart.o
      1612         46         62          0         36      28815   nrfx_uarte.o
       824        128          0          0        136      16777   results_holder.o
        16          0          0          8          0       2694   retarget.o
       470         44          0          0        648       7965   segger_rtt.o
         0          0          0          0          0       1220   segger_rtt_printf.o
       204         20          0          0         84       3564   start_manager.o
       168         10          0          0        408       2625   storage_manager.o
      1552        158          0          4          0       9111   system_nrf52.o

    ----------------------------------------------------------------------
     49828       3500       7624        396      14624    1412502   Object Totals
         0          0         32          0          0          0   (incl. Generated)
        64          0         88         21          6          0   (incl. Padding)

    ----------------------------------------------------------------------

      Code (inc. data)   RO Data    RW Data    ZI Data      Debug   Library Member Name

      3140        190          0          0       1208       9672   accel_auto_cal.o
      9456        298          0         16       1120      19892   compass_vec_cal.o
      2584         42          0          0        672      13744   fast_no_motion.o
      1712         72          0          0        312       5636   fusion_9axis.o
      1220         32          0          0        452       5735   gyro_tc.o
      1472         48          0          0        184       7614   mag_disturb.o
      2452        130          0          0        108       5637   quaternion_supervisor.o
       280         46          0          0          0        176   acosf.o
       592         90          0          0          0        184   atan2f.o
       200         20          0          0          0        164   cos.o
       368         46         48          0          0        200   cos_i.o
       336         56          0          0          0        136   cosf.o
       132         36          0          0          0        496   dunder.o
        44          0          0          0          0        248   fabs.o
        48          0          0          0          0        124   fpclassify.o
        38          0          0          0          0        116   fpclassifyf.o
        44         12          0          0          0        464   funder.o
       964         92         56          0          0        316   log.o
       248          0          0          0          0        152   poly.o
         0          0          8          0          0          0   qnan.o
      1080        142        200          0          0        188   rred.o
       340         24         32          0          0        160   rredf.o
       304         24         40          0          0        208   sin_i.o
       400         56          0          0          0        212   sinf.o
       122          0          0          0          0        148   sqrt.o
       120          0          0          0          0        272   sqrtf.o
        86          0          0          0          0          0   __dczerorl2.o
         8          4        133          0          0         68   ctype_o.o
         0          0          0          0          0          0   entry.o
         0          0          0          0          0          0   entry10a.o
         0          0          0          0          0          0   entry11a.o
         8          4          0          0          0          0   entry2.o
         4          0          0          0          0          0   entry5.o
         0          0          0          0          0          0   entry7b.o
         0          0          0          0          0          0   entry8b.o
         8          4          0          0          0          0   entry9a.o
        12          6          0          4          0         68   errno.o
        30          0          0          0          0          0   handlers.o
        36          8          0          0          0         68   init.o
         0          0          0          0          0          0   iusefp.o
        98          0          0          0          0         84   ldiv.o
        30          0          0          0          0         68   llshl.o
        36          0          0          0          0         68   llsshr.o
        32          0          0          0          0         68   llushr.o
        26          0          0          0          0         80   memcmp.o
        64          0          0          0          0         76   memmovea.o
        36          0          0          0          0        108   memseta.o
      2344        102          0          0          0        684   printfa.o
        18          0          0          0          0         68   strcpy.o
        14          0          0          0          0         68   strlen.o
        44          0          0          0          0         80   uidiv.o
        98          0          0          0          0         92   uldiv.o
        48          0          0          0          0         68   cdcmple.o
        48          0          0          0          0         68   cdrcmple.o
        56          0          0          0          0         88   d2f.o
       334          0          0          0          0        148   dadd.o
       222          0          0          0          0        100   ddiv.o
       186          0          0          0          0        176   depilogue.o
        62          0          0          0          0         80   dfixi.o
        48          0          0          0          0         68   dfixul.o
        34          0          0          0          0         76   dflti.o
        26          0          0          0          0         76   dfltui.o
       228          0          0          0          0         96   dmul.o
       162          0          0          0          0        100   dsqrt.o
        38          0          0          0          0         68   f2d.o
       110          0          0          0          0        168   fepilogue.o
        66          0          0          0          0         76   ffixl.o
        44          0          0          0          0         92   ffltl.o

    ----------------------------------------------------------------------
     32464       1588        520         20       4056      75190   Library Totals
        24          4          3          0          0          0   (incl. Padding)

    ----------------------------------------------------------------------

      Code (inc. data)   RO Data    RW Data    ZI Data      Debug   Library Name

     22036        812          0         16       4056      67930   libmpllib.lib
      5660        644        384          0          0       3964   m_wm.l
      3032        128        133          4          0       1748   mc_w.l
      1712          0          0          0          0       1548   mf_w.l

    ----------------------------------------------------------------------
     32464       1588        520         20       4056      75190   Library Totals

    ----------------------------------------------------------------------

==============================================================================


      Code (inc. data)   RO Data    RW Data    ZI Data      Debug   

     82292       5088       8144        416      18680    1423208   Grand Totals
     82292       5088       8144        116      18680    1423208   ELF Image Totals (compressed)
     82292       5088       8144        116          0          0   ROM Totals

==============================================================================

    Total RO  Size (Code + RO Data)                90436 (  88.32kB)
    Total RW  Size (RW Data + ZI Data)             19096 (  18.65kB)
    Total ROM Size (Code + RO Data + RW Data)      90552 (  88.43kB)

==============================================================================

